
Conversation opened. 13 messages. All messages read.

Skip to content
Using Gmail with screen readers
Search


label:[gmail]-edulypta 

Click here to enable desktop notifications for Gmail.   Learn more  Hide
Gmail
COMPOSE
Labels
Inbox (590)
Starred
Important
Sent Mail
Drafts (32)
Circles
[Gmail]/Edulypta
kernel Newbies (31)
Unwanted
More 
Hangouts

 
 
 
Remove label  More 
7 of 10  
 
Collapse all Print all In new window
[3330c197cbcb] Task 02 of the Eudyptula Challenge
Inbox
x  
[Gmail]/Edulypta
x 

Little Penguin <little@eudyptula-challenge.org>
Sep 3

to me 
Subject: Task 02 of the Eudyptula Challenge


This is Task 02 of the Eudyptula Challenge
------------------------------------------

Now that you have written your first kernel module, it's time to take
off the training wheels and move on to building a custom kernel.  No
more distro kernels for you.  For this task you must run your own
kernel.  And use git!  Exciting, isn't it?  No?  Oh, ok...

The tasks for this round are:
  - Download Linus's latest git tree from git.kernel.org (you have to
    figure out which one is his.  It's not that hard, just remember what
    his last name is and you should be fine.)
  - Build it, install it, and boot it.  You can use whatever kernel
    configuration options you wish to use, but you must enable
    CONFIG_LOCALVERSION_AUTO=y.
  - Show proof of booting this kernel.  Bonus points if you do it on a
    "real" machine, and not a virtual machine (virtual machines are
    acceptable, but come on, real kernel developers don't mess around
    with virtual machines, they are too slow.  Oh yeah, we aren't real
    kernel developers just yet.  Well, I'm not anyway, I'm just a
    script...)  Again, proof of running this kernel is up to you, I'm
    sure you can do well.

Hint, you should look into the 'make localmodconfig' option, and base
your kernel configuration on a working distro kernel configuration.
Don't sit there and answer all 1625 different kernel configuration
options by hand, even I, a foolish script, know better than to do that!

After doing this, don't throw away that kernel, git tree, and
configuration file.  You'll be using it for later tasks.  A working
kernel configuration file is a precious thing, all kernel developers
have one they have grown and tended to over the years.  This is the
start of a long journey with yours.  Don't discard it like was a broken
umbrella, it deserves better than that.

Remember to use your ID assigned in the subject line when responding to
this task, so that I can figure out who to attribute it to.

If you forgot, your id is "3330c197cbcb".  But why do I repeat myself?
Of course you know your id, you made it through the first task just fine
with it.

mohsin <mohsinshan1k@gmail.com>
AttachmentsSep 3

to Little 
Hi Little,
I have completed the challenge.

Regards,
Mohsin

Attachments area

Little Penguin <little@eudyptula-challenge.org>
Sep 3

to me 
This is the semi-friendly Eudyptula Challenge autoresponder here.

Just a short note saying I have received your response for task 02,
and it will be processed in the order in which it was received.  If you
resend this task, your order in the queue will jump to the back of the
line, so please don't do that.

Just to provide some information, you are currently number 7 in
line, and the response that is next is from "03 Sep 2016 11:32:45 +0200"
so be aware of the potential wait time.

To see where you are in the overall challenge, and where the long wait
times are, see the current statistics below.

Remember, this is not a race, there is no rush, if tasks take a while to
be graded, enjoy the time to go do something else.  There is a lot more
in life other than Linux kernel programming.

        - little

-------------------------------------
Task Number    People    Queue Length
-------------------------------------
  Finished        115
        20         43             13
        19         11              0
        18         46             38
        17          6              0
        16         48              0
        15         14              1
        14         13              3
        13          7              0
        12          5              0
        11         52              0
        10         76              0
        09         43              1
        08        264            478
        07         50              0
        06        375            130
        05       1062              8
        04        675             40
        03        416              2
        02       1118              7
        01       1771              3
-------------------------------------
Active:          6210
Duplicates:         4
Removed:        10422
---------------------
Total:          16632

Little Penguin <little@eudyptula-challenge.org>
Sep 5

to me 

> [    0.000000] Linux version 4.7.0 (root@mohsins-PC) (gcc version 4.8.4 (Ubuntu 4.8.4-2ubuntu1~14.04.3) ) #1 SMP Sun Aug 21 20:10:58 PKT 2016
> [    0.000000] Command line: BOOT_IMAGE=/boot/vmlinuz-4.7.0 root=UUID=dd21d577-fd5c-4fc0-89c8-0d93fe5c484b ro quiet splash vt.handoff=7
> [    0.000000] KERNEL supported cpus:
> [    0.000000]   Intel GenuineIntel
> [    0.000000]   AMD AuthenticAMD
> [    0.000000]   Centaur CentaurHauls
> [    0.000000] x86/fpu: xstate_offset[2]:  576, xstate_sizes[2]:  256
> [    0.000000] x86/fpu: Supporting XSAVE feature 0x001: 'x87 floating point registers'
> [    0.000000] x86/fpu: Supporting XSAVE feature 0x002: 'SSE registers'
> [    0.000000] x86/fpu: Supporting XSAVE feature 0x004: 'AVX registers'
> [    0.000000] x86/fpu: Enabled xstate features 0x7, context size is 832 bytes, using 'standard' format.
> [    0.000000] x86/fpu: Using 'eager' FPU context switches.
> [    0.000000] e820: BIOS-provided physical RAM map:
> [    0.000000] BIOS-e820: [mem 0x0000000000000000-0x000000000009d3ff] usable
> [    0.000000] BIOS-e820: [mem 0x000000000009d400-0x000000000009ffff] reserved
> [    0.000000] BIOS-e820: [mem 0x00000000000e0000-0x00000000000fffff] reserved
> [    0.000000] BIOS-e820: [mem 0x0000000000100000-0x000000001fffffff] usable
> [    0.000000] BIOS-e820: [mem 0x0000000020000000-0x00000000201fffff] reserved
> [    0.000000] BIOS-e820: [mem 0x0000000020200000-0x000000003a3befff] usable
> [    0.000000] BIOS-e820: [mem 0x000000003a3bf000-0x000000003aebefff] reserved
> [    0.000000] BIOS-e820: [mem 0x000000003aebf000-0x000000003afbefff] ACPI NVS
> [    0.000000] BIOS-e820: [mem 0x000000003afbf000-0x000000003affefff] ACPI data
> [    0.000000] BIOS-e820: [mem 0x000000003afff000-0x000000003affffff] usable
> [    0.000000] BIOS-e820: [mem 0x000000003b000000-0x000000003f9fffff] reserved
> [    0.000000] BIOS-e820: [mem 0x00000000e0000000-0x00000000efffffff] reserved
> [    0.000000] BIOS-e820: [mem 0x00000000feb00000-0x00000000feb03fff] reserved
> [    0.000000] BIOS-e820: [mem 0x00000000fec00000-0x00000000fec00fff] reserved
> [    0.000000] BIOS-e820: [mem 0x00000000fed10000-0x00000000fed19fff] reserved
> [    0.000000] BIOS-e820: [mem 0x00000000fed1c000-0x00000000fed1ffff] reserved
> [    0.000000] BIOS-e820: [mem 0x00000000fee00000-0x00000000fee00fff] reserved
> [    0.000000] BIOS-e820: [mem 0x00000000ffd00000-0x00000000ffffffff] reserved
> [    0.000000] BIOS-e820: [mem 0x0000000100000000-0x000000023f5fffff] usable
> [    0.000000] NX (Execute Disable) protection: active
> [    0.000000] SMBIOS 2.7 present.
> [    0.000000] DMI: Hewlett-Packard HP 1000 Notebook PC/1854, BIOS F.22 10/25/2012
> [    0.000000] e820: update [mem 0x00000000-0x00000fff] usable ==> reserved
> [    0.000000] e820: remove [mem 0x000a0000-0x000fffff] usable
> [    0.000000] e820: last_pfn = 0x23f600 max_arch_pfn = 0x400000000
> [    0.000000] MTRR default type: uncachable
> [    0.000000] MTRR fixed ranges enabled:
> [    0.000000]   00000-9FFFF write-back
> [    0.000000]   A0000-BFFFF uncachable
> [    0.000000]   C0000-E7FFF write-protect
> [    0.000000]   E8000-EFFFF write-combining
> [    0.000000]   F0000-FFFFF write-protect
> [    0.000000] MTRR variable ranges enabled:
> [    0.000000]   0 base 000000000 mask FC0000000 write-back
> [    0.000000]   1 base 03B000000 mask FFF000000 uncachable
> [    0.000000]   2 base 03C000000 mask FFC000000 uncachable
> [    0.000000]   3 base 0FFC00000 mask FFFC00000 write-protect
> [    0.000000]   4 base 100000000 mask F00000000 write-back
> [    0.000000]   5 base 200000000 mask FC0000000 write-back
> [    0.000000]   6 base 23F600000 mask FFFE00000 uncachable
> [    0.000000]   7 base 23F800000 mask FFF800000 uncachable
> [    0.000000]   8 disabled
> [    0.000000]   9 disabled
> [    0.000000] x86/PAT: Configuration [0-7]: WB  WC  UC- UC  WB  WC  UC- WT
> [    0.000000] e820: last_pfn = 0x3b000 max_arch_pfn = 0x400000000
> [    0.000000] found SMP MP-table at [mem 0x000fe1b0-0x000fe1bf] mapped at [ffff8800000fe1b0]
> [    0.000000] Scanning 1 areas for low memory corruption
> [    0.000000] Base memory trampoline at [ffff880000097000] 97000 size 24576
> [    0.000000] reserving inaccessible SNB gfx pages
> [    0.000000] BRK [0x02004000, 0x02004fff] PGTABLE
> [    0.000000] BRK [0x02005000, 0x02005fff] PGTABLE
> [    0.000000] BRK [0x02006000, 0x02006fff] PGTABLE
> [    0.000000] BRK [0x02007000, 0x02007fff] PGTABLE
> [    0.000000] BRK [0x02008000, 0x02008fff] PGTABLE
> [    0.000000] BRK [0x02009000, 0x02009fff] PGTABLE
> [    0.000000] RAMDISK: [mem 0x3762e000-0x37b0efff]
> [    0.000000] ACPI: Early table checksum verification disabled
> [    0.000000] ACPI: RSDP 0x00000000000FE020 000024 (v02 HPQOEM)
> [    0.000000] ACPI: XSDT 0x000000003AFFE120 000094 (v01 HPQOEM SLIC-MPC 00000001 HP   01000013)
> [    0.000000] ACPI: FACP 0x000000003AFFB000 00010C (v05 HPQOEM SLIC-MPC 00000001 HP   00040000)
> [    0.000000] ACPI: DSDT 0x000000003AFE8000 00F9D8 (v01 HPQOEM 1854     00000000 ACPI 00040000)
> [    0.000000] ACPI: FACS 0x000000003AFBA000 000040
> [    0.000000] ACPI: UEFI 0x000000003AFFD000 000236 (v01 HPQOEM 1854     00000001 HP   00040000)
> [    0.000000] ACPI: ASF! 0x000000003AFFC000 0000A5 (v32 HPQOEM 1854     00000001 HP   00040000)
> [    0.000000] ACPI: HPET 0x000000003AFFA000 000038 (v01 HPQOEM 1854     00000001 HP   00040000)
> [    0.000000] ACPI: APIC 0x000000003AFF9000 00008C (v03 HPQOEM 1854     00000001 HP   00040000)
> [    0.000000] ACPI: MCFG 0x000000003AFF8000 00003C (v01 HPQOEM 1854     00000001 HP   00040000)
> [    0.000000] ACPI: SLIC 0x000000003AFE7000 000176 (v01 HPQOEM SLIC-MPC 00000001 HP   00040000)
> [    0.000000] ACPI: SSDT 0x000000003AFE5000 001066 (v01 HPQOEM 1854     00001000 ACPI 00040000)
> [    0.000000] ACPI: BOOT 0x000000003AFE3000 000028 (v01 HPQOEM 1854     00000001 HP   00040000)
> [    0.000000] ACPI: ASPT 0x000000003AFE1000 000034 (v07 HPQOEM 1854     00000001 HP   00040000)
> [    0.000000] ACPI: DBGP 0x000000003AFE0000 000034 (v01 HPQOEM 1854     00000001 HP   00040000)
> [    0.000000] ACPI: FPDT 0x000000003AFDE000 000044 (v01 HPQOEM 1854     00000001 HP   00040000)
> [    0.000000] ACPI: SSDT 0x000000003AFDC000 0009AA (v01 HPQOEM 1854     00003000 ACPI 00040000)
> [    0.000000] ACPI: SSDT 0x000000003AFDB000 000B22 (v01 HPQOEM 1854     00003000 ACPI 00040000)
> [    0.000000] ACPI: Local APIC address 0xfee00000
> [    0.000000] No NUMA configuration found
> [    0.000000] Faking a node at [mem 0x0000000000000000-0x000000023f5fffff]
> [    0.000000] NODE_DATA(0) allocated [mem 0x23f5f8000-0x23f5fbfff]
> [    0.000000] Zone ranges:
> [    0.000000]   DMA      [mem 0x0000000000001000-0x0000000000ffffff]
> [    0.000000]   DMA32    [mem 0x0000000001000000-0x00000000ffffffff]
> [    0.000000]   Normal   [mem 0x0000000100000000-0x000000023f5fffff]
> [    0.000000] Movable zone start for each node
> [    0.000000] Early memory node ranges
> [    0.000000]   node   0: [mem 0x0000000000001000-0x000000000009cfff]
> [    0.000000]   node   0: [mem 0x0000000000100000-0x000000001fffffff]
> [    0.000000]   node   0: [mem 0x0000000020200000-0x000000003a3befff]
> [    0.000000]   node   0: [mem 0x000000003afff000-0x000000003affffff]
> [    0.000000]   node   0: [mem 0x0000000100000000-0x000000023f5fffff]
> [    0.000000] Initmem setup node 0 [mem 0x0000000000001000-0x000000023f5fffff]
> [    0.000000] On node 0 totalpages: 1546076
> [    0.000000]   DMA zone: 64 pages used for memmap
> [    0.000000]   DMA zone: 156 pages reserved
> [    0.000000]   DMA zone: 3996 pages, LIFO batch:0
> [    0.000000]   DMA32 zone: 3655 pages used for memmap
> [    0.000000]   DMA32 zone: 233920 pages, LIFO batch:31
> [    0.000000]   Normal zone: 20440 pages used for memmap
> [    0.000000]   Normal zone: 1308160 pages, LIFO batch:31
> [    0.000000] Reserving Intel graphics stolen memory at 0x3ba00000-0x3f9fffff
> [    0.000000] ACPI: PM-Timer IO Port: 0x408
> [    0.000000] ACPI: Local APIC address 0xfee00000
> [    0.000000] IOAPIC[0]: apic_id 0, version 32, address 0xfec00000, GSI 0-23
> [    0.000000] ACPI: INT_SRC_OVR (bus 0 bus_irq 0 global_irq 2 dfl dfl)
> [    0.000000] ACPI: INT_SRC_OVR (bus 0 bus_irq 9 global_irq 9 high level)
> [    0.000000] ACPI: IRQ0 used by override.
> [    0.000000] ACPI: IRQ9 used by override.
> [    0.000000] Using ACPI (MADT) for SMP configuration information
> [    0.000000] ACPI: HPET id: 0x8086a201 base: 0xfed00000
> [    0.000000] smpboot: Allowing 8 CPUs, 4 hotplug CPUs
> [    0.000000] PM: Registered nosave memory: [mem 0x00000000-0x00000fff]
> [    0.000000] PM: Registered nosave memory: [mem 0x0009d000-0x0009dfff]
> [    0.000000] PM: Registered nosave memory: [mem 0x0009e000-0x0009ffff]
> [    0.000000] PM: Registered nosave memory: [mem 0x000a0000-0x000dffff]
> [    0.000000] PM: Registered nosave memory: [mem 0x000e0000-0x000fffff]
> [    0.000000] PM: Registered nosave memory: [mem 0x20000000-0x201fffff]
> [    0.000000] PM: Registered nosave memory: [mem 0x3a3bf000-0x3aebefff]
> [    0.000000] PM: Registered nosave memory: [mem 0x3aebf000-0x3afbefff]
> [    0.000000] PM: Registered nosave memory: [mem 0x3afbf000-0x3affefff]
> [    0.000000] PM: Registered nosave memory: [mem 0x3b000000-0x3f9fffff]
> [    0.000000] PM: Registered nosave memory: [mem 0x3fa00000-0xdfffffff]
> [    0.000000] PM: Registered nosave memory: [mem 0xe0000000-0xefffffff]
> [    0.000000] PM: Registered nosave memory: [mem 0xf0000000-0xfeafffff]
> [    0.000000] PM: Registered nosave memory: [mem 0xfeb00000-0xfeb03fff]
> [    0.000000] PM: Registered nosave memory: [mem 0xfeb04000-0xfebfffff]
> [    0.000000] PM: Registered nosave memory: [mem 0xfec00000-0xfec00fff]
> [    0.000000] PM: Registered nosave memory: [mem 0xfec01000-0xfed0ffff]
> [    0.000000] PM: Registered nosave memory: [mem 0xfed10000-0xfed19fff]
> [    0.000000] PM: Registered nosave memory: [mem 0xfed1a000-0xfed1bfff]
> [    0.000000] PM: Registered nosave memory: [mem 0xfed1c000-0xfed1ffff]
> [    0.000000] PM: Registered nosave memory: [mem 0xfed20000-0xfedfffff]
> [    0.000000] PM: Registered nosave memory: [mem 0xfee00000-0xfee00fff]
> [    0.000000] PM: Registered nosave memory: [mem 0xfee01000-0xffcfffff]
> [    0.000000] PM: Registered nosave memory: [mem 0xffd00000-0xffffffff]
> [    0.000000] e820: [mem 0x3fa00000-0xdfffffff] available for PCI devices
> [    0.000000] Booting paravirtualized kernel on bare hardware
> [    0.000000] clocksource: refined-jiffies: mask: 0xffffffff max_cycles: 0xffffffff, max_idle_ns: 7645519600211568 ns
> [    0.000000] setup_percpu: NR_CPUS:256 nr_cpumask_bits:256 nr_cpu_ids:8 nr_node_ids:1
> [    0.000000] percpu: Embedded 35 pages/cpu @ffff88023f200000 s102680 r8192 d32488 u262144
> [    0.000000] pcpu-alloc: s102680 r8192 d32488 u262144 alloc=1*2097152
> [    0.000000] pcpu-alloc: [0] 0 1 2 3 4 5 6 7
> [    0.000000] Built 1 zonelists in Node order, mobility grouping on.  Total pages: 1521761
> [    0.000000] Policy zone: Normal
> [    0.000000] Kernel command line: BOOT_IMAGE=/boot/vmlinuz-4.7.0 root=UUID=dd21d577-fd5c-4fc0-89c8-0d93fe5c484b ro quiet splash vt.handoff=7
> [    0.000000] PID hash table entries: 4096 (order: 3, 32768 bytes)
> [    0.000000] Calgary: detecting Calgary via BIOS EBDA area
> [    0.000000] Calgary: Unable to locate Rio Grande table in EBDA - bailing!
> [    0.000000] Memory: 5996500K/6184304K available (7908K kernel code, 1260K rwdata, 3460K rodata, 1512K init, 1296K bss, 187804K reserved, 0K cma-reserved)
> [    0.000000] SLUB: HWalign=64, Order=0-3, MinObjects=0, CPUs=8, Nodes=1
> [    0.000000] Hierarchical RCU implementation.
> [    0.000000]        Build-time adjustment of leaf fanout to 64.
> [    0.000000]        RCU restricting CPUs from NR_CPUS=256 to nr_cpu_ids=8.
> [    0.000000] RCU: Adjusting geometry for rcu_fanout_leaf=64, nr_cpu_ids=8
> [    0.000000] NR_IRQS:16640 nr_irqs:488 16
> [    0.000000]        Offload RCU callbacks from all CPUs
> [    0.000000]        Offload RCU callbacks from CPUs: 0-7.
> [    0.000000] Console: colour dummy device 80x25
> [    0.000000] console [tty0] enabled
> [    0.000000] clocksource: hpet: mask: 0xffffffff max_cycles: 0xffffffff, max_idle_ns: 133484882848 ns
> [    0.000000] hpet clockevent registered
> [    0.000000] tsc: Fast TSC calibration using PIT
> [    0.000000] tsc: Detected 2394.428 MHz processor
> [    0.000027] Calibrating delay loop (skipped), value calculated using timer frequency.. 4788.85 BogoMIPS (lpj=9577712)
> [    0.000030] pid_max: default: 32768 minimum: 301
> [    0.000036] ACPI: Core revision 20160422
> [    0.009015] ACPI: 4 ACPI AML tables successfully acquired and loaded
> [    0.009017]
> [    0.009037] Security Framework initialized
> [    0.009039] Yama: becoming mindful.
> [    0.009046] AppArmor: AppArmor initialized
> [    0.009526] Dentry cache hash table entries: 1048576 (order: 11, 8388608 bytes)
> [    0.011136] Inode-cache hash table entries: 524288 (order: 10, 4194304 bytes)
> [    0.011843] Mount-cache hash table entries: 16384 (order: 5, 131072 bytes)
> [    0.011853] Mountpoint-cache hash table entries: 16384 (order: 5, 131072 bytes)
> [    0.012108] CPU: Physical Processor ID: 0
> [    0.012109] CPU: Processor Core ID: 0
> [    0.012114] ENERGY_PERF_BIAS: Set to 'normal', was 'performance'
> [    0.012115] ENERGY_PERF_BIAS: View and update with x86_energy_perf_policy(8)
> [    0.012117] mce: CPU supports 7 MCE banks
> [    0.012125] CPU0: Thermal monitoring enabled (TM1)
> [    0.012135] process: using mwait in idle threads
> [    0.012138] Last level iTLB entries: 4KB 512, 2MB 8, 4MB 8
> [    0.012139] Last level dTLB entries: 4KB 512, 2MB 32, 4MB 32, 1GB 0
> [    0.012578] Freeing SMP alternatives memory: 28K (ffffffff81eb7000 - ffffffff81ebe000)
> [    0.049159] ftrace: allocating 31143 entries in 122 pages
> [    0.064495] smpboot: Max logical packages: 4
> [    0.064498] smpboot: APIC(0) Converting physical 0 to logical package 0
> [    0.064573] x2apic: IRQ remapping doesn't support X2APIC mode
> [    0.064987] ..TIMER: vector=0x30 apic1=0 pin1=2 apic2=-1 pin2=-1
> [    0.104676] TSC deadline timer enabled
> [    0.104680] smpboot: CPU0: Intel(R) Core(TM) i3-2370M CPU @ 2.40GHz (family: 0x6, model: 0x2a, stepping: 0x7)
> [    0.104684] Performance Events: PEBS fmt1+, 16-deep LBR, SandyBridge events, full-width counters, Intel PMU driver.
> [    0.104709] ... version:                3
> [    0.104710] ... bit width:              48
> [    0.104711] ... generic registers:      4
> [    0.104712] ... value mask:             0000ffffffffffff
> [    0.104713] ... max period:             0000ffffffffffff
> [    0.104714] ... fixed-purpose events:   3
> [    0.104715] ... event mask:             000000070000000f
> [    0.105460] NMI watchdog: enabled on all CPUs, permanently consumes one hw-PMU counter.
> [    0.105562] x86: Booting SMP configuration:
> [    0.105563] .... node  #0, CPUs:      #1 #2 #3
> [    0.346813] x86: Booted up 1 node, 4 CPUs
> [    0.346817] smpboot: Total of 4 processors activated (19158.77 BogoMIPS)
> [    0.350097] devtmpfs: initialized
> [    0.350160] x86/mm: Memory block size: 128MB
> [    0.353887] evm: security.selinux
> [    0.353889] evm: security.SMACK64
> [    0.353890] evm: security.SMACK64EXEC
> [    0.353891] evm: security.SMACK64TRANSMUTE
> [    0.353891] evm: security.SMACK64MMAP
> [    0.353892] evm: security.ima
> [    0.353893] evm: security.capability
> [    0.353954] PM: Registering ACPI NVS region [mem 0x3aebf000-0x3afbefff] (1048576 bytes)
> [    0.354032] clocksource: jiffies: mask: 0xffffffff max_cycles: 0xffffffff, max_idle_ns: 7645041785100000 ns
> [    0.354066] pinctrl core: initialized pinctrl subsystem
> [    0.354193] RTC time: 16:38:20, date: 09/03/16
> [    0.354266] NET: Registered protocol family 16
> [    0.358824] cpuidle: using governor ladder
> [    0.362825] cpuidle: using governor menu
> [    0.362917] Simple Boot Flag at 0x44 set to 0x1
> [    0.362953] ACPI FADT declares the system doesn't support PCIe ASPM, so disable it
> [    0.362955] ACPI: bus type PCI registered
> [    0.362956] acpiphp: ACPI Hot Plug PCI Controller Driver version: 0.5
> [    0.363013] PCI: MMCONFIG for domain 0000 [bus 00-ff] at [mem 0xe0000000-0xefffffff] (base 0xe0000000)
> [    0.363015] PCI: MMCONFIG at [mem 0xe0000000-0xefffffff] reserved in E820
> [    0.363026] PCI: Using configuration type 1 for base access
> [    0.363064] core: PMU erratum BJ122, BV98, HSD29 worked around, HT is on
> [    0.363248] mtrr: your CPUs had inconsistent variable MTRR settings
> [    0.363249] mtrr: probably your BIOS does not setup all CPUs.
> [    0.363250] mtrr: corrected configuration.
> [    0.367016] HugeTLB registered 2 MB page size, pre-allocated 0 pages
> [    0.367221] ACPI: Added _OSI(Module Device)
> [    0.367222] ACPI: Added _OSI(Processor Device)
> [    0.367223] ACPI: Added _OSI(3.0 _SCP Extensions)
> [    0.367225] ACPI: Added _OSI(Processor Aggregator Device)
> [    0.367386] ACPI: Executed 1 blocks of module-level executable AML code
> [    0.371294] ACPI: [Firmware Bug]: BIOS _OSI(Linux) query ignored
> [    0.371675] ACPI: Dynamic OEM Table Load:
> [    0.371684] ACPI: SSDT 0xFFFF880237602000 00083B (v01 PmRef  Cpu0Cst  00003001 INTL 20111123)
> [    0.372239] ACPI: Dynamic OEM Table Load:
> [    0.372245] ACPI: SSDT 0xFFFF88023755AC00 000303 (v01 PmRef  ApIst    00003000 INTL 20111123)
> [    0.372725] ACPI: Dynamic OEM Table Load:
> [    0.372730] ACPI: SSDT 0xFFFF8802374F7C00 000119 (v01 PmRef  ApCst    00003000 INTL 20111123)
> [    0.373611] ACPI : EC: EC started
> [    1.042496] ACPI: Interpreter enabled
> [    1.042519] ACPI: (supports S0 S3 S4 S5)
> [    1.042521] ACPI: Using IOAPIC for interrupt routing
> [    1.042547] PCI: Using host bridge windows from ACPI; if necessary, use "pci=nocrs" and report a bug
> [    1.047432] ACPI: Power Resource [FN00] (on)
> [    1.048056] ACPI: PCI Root Bridge [PCI0] (domain 0000 [bus 00-fe])
> [    1.048061] acpi PNP0A08:00: _OSC: OS supports [ExtendedConfig ASPM ClockPM Segments MSI]
> [    1.048123] \_SB_.PCI0 (33DB4D5B-1FF7-401C-9657-7441C03DD766): _OSC invalid UUID
> [    1.048124] _OSC request data: 1 1f 0
> [    1.048128] acpi PNP0A08:00: _OSC failed (AE_ERROR); disabling ASPM
> [    1.048547] PCI host bridge to bus 0000:00
> [    1.048550] pci_bus 0000:00: root bus resource [io  0x0000-0x0cf7 window]
> [    1.048552] pci_bus 0000:00: root bus resource [io  0x0d00-0xffff window]
> [    1.048553] pci_bus 0000:00: root bus resource [mem 0x000a0000-0x000bffff window]
> [    1.048555] pci_bus 0000:00: root bus resource [mem 0x3fa00000-0xfeafffff window]
> [    1.048557] pci_bus 0000:00: root bus resource [bus 00-fe]
> [    1.048564] pci 0000:00:00.0: [8086:0104] type 00 class 0x060000
> [    1.048651] pci 0000:00:02.0: [8086:0116] type 00 class 0x030000
> [    1.048661] pci 0000:00:02.0: reg 0x10: [mem 0x52000000-0x523fffff 64bit]
> [    1.048667] pci 0000:00:02.0: reg 0x18: [mem 0x40000000-0x4fffffff 64bit pref]
> [    1.048671] pci 0000:00:02.0: reg 0x20: [io  0x4000-0x403f]
> [    1.048790] pci 0000:00:16.0: [8086:1e3a] type 00 class 0x078000
> [    1.048812] pci 0000:00:16.0: reg 0x10: [mem 0x52604000-0x5260400f 64bit]
> [    1.048889] pci 0000:00:16.0: PME# supported from D0 D3hot D3cold
> [    1.048971] pci 0000:00:1a.0: [8086:1e2d] type 00 class 0x0c0320
> [    1.048990] pci 0000:00:1a.0: reg 0x10: [mem 0x52609000-0x526093ff]
> [    1.049078] pci 0000:00:1a.0: PME# supported from D0 D3hot D3cold
> [    1.049129] pci 0000:00:1a.0: System wakeup disabled by ACPI
> [    1.049172] pci 0000:00:1b.0: [8086:1e20] type 00 class 0x040300
> [    1.049189] pci 0000:00:1b.0: reg 0x10: [mem 0x52600000-0x52603fff 64bit]
> [    1.049264] pci 0000:00:1b.0: PME# supported from D0 D3hot D3cold
> [    1.049306] pci 0000:00:1b.0: System wakeup disabled by ACPI
> [    1.049347] pci 0000:00:1c.0: [8086:1e10] type 01 class 0x060400
> [    1.049427] pci 0000:00:1c.0: PME# supported from D0 D3hot D3cold
> [    1.049470] pci 0000:00:1c.0: System wakeup disabled by ACPI
> [    1.049510] pci 0000:00:1c.2: [8086:1e14] type 01 class 0x060400
> [    1.049588] pci 0000:00:1c.2: PME# supported from D0 D3hot D3cold
> [    1.049630] pci 0000:00:1c.2: System wakeup disabled by ACPI
> [    1.049669] pci 0000:00:1c.3: [8086:1e16] type 01 class 0x060400
> [    1.049747] pci 0000:00:1c.3: PME# supported from D0 D3hot D3cold
> [    1.049790] pci 0000:00:1c.3: System wakeup disabled by ACPI
> [    1.049833] pci 0000:00:1d.0: [8086:1e26] type 00 class 0x0c0320
> [    1.049852] pci 0000:00:1d.0: reg 0x10: [mem 0x52608000-0x526083ff]
> [    1.049939] pci 0000:00:1d.0: PME# supported from D0 D3hot D3cold
> [    1.049989] pci 0000:00:1d.0: System wakeup disabled by ACPI
> [    1.050030] pci 0000:00:1f.0: [8086:1e5d] type 00 class 0x060100
> [    1.050201] pci 0000:00:1f.2: [8086:1e03] type 00 class 0x010601
> [    1.050217] pci 0000:00:1f.2: reg 0x10: [io  0x4088-0x408f]
> [    1.050226] pci 0000:00:1f.2: reg 0x14: [io  0x4094-0x4097]
> [    1.050234] pci 0000:00:1f.2: reg 0x18: [io  0x4080-0x4087]
> [    1.050242] pci 0000:00:1f.2: reg 0x1c: [io  0x4090-0x4093]
> [    1.050251] pci 0000:00:1f.2: reg 0x20: [io  0x4060-0x407f]
> [    1.050259] pci 0000:00:1f.2: reg 0x24: [mem 0x52607000-0x526077ff]
> [    1.050302] pci 0000:00:1f.2: PME# supported from D3hot
> [    1.050376] pci 0000:00:1f.3: [8086:1e22] type 00 class 0x0c0500
> [    1.050393] pci 0000:00:1f.3: reg 0x10: [mem 0x52605000-0x526050ff 64bit]
> [    1.050415] pci 0000:00:1f.3: reg 0x20: [io  0x4040-0x405f]
> [    1.050592] pci 0000:01:00.0: [1814:539a] type 00 class 0x028000
> [    1.050616] pci 0000:01:00.0: reg 0x10: [mem 0x52500000-0x5250ffff]
> [    1.050821] pci 0000:01:00.0: System wakeup disabled by ACPI
> [    1.058424] pci 0000:00:1c.0: PCI bridge to [bus 01]
> [    1.058439] pci 0000:00:1c.0:   bridge window [mem 0x52500000-0x525fffff]
> [    1.058625] pci 0000:02:00.0: [10ec:5229] type 00 class 0xff0000
> [    1.058700] pci 0000:02:00.0: reg 0x10: [mem 0x51000000-0x51000fff]
> [    1.059214] pci 0000:02:00.0: supports D1 D2
> [    1.059216] pci 0000:02:00.0: PME# supported from D1 D2 D3hot
> [    1.059322] pci 0000:02:00.0: System wakeup disabled by ACPI
> [    1.066447] pci 0000:00:1c.2: PCI bridge to [bus 02-07]
> [    1.066457] pci 0000:00:1c.2:   bridge window [io  0x3000-0x3fff]
> [    1.066466] pci 0000:00:1c.2:   bridge window [mem 0x51000000-0x51ffffff]
> [    1.066481] pci 0000:00:1c.2:   bridge window [mem 0x50000000-0x50ffffff 64bit pref]
> [    1.066583] pci 0000:08:00.0: [10ec:8136] type 00 class 0x020000
> [    1.066608] pci 0000:08:00.0: reg 0x10: [io  0x2000-0x20ff]
> [    1.066642] pci 0000:08:00.0: reg 0x18: [mem 0x52404000-0x52404fff 64bit pref]
> [    1.066665] pci 0000:08:00.0: reg 0x20: [mem 0x52400000-0x52403fff 64bit pref]
> [    1.066777] pci 0000:08:00.0: supports D1 D2
> [    1.066779] pci 0000:08:00.0: PME# supported from D0 D1 D2 D3hot D3cold
> [    1.066826] pci 0000:08:00.0: System wakeup disabled by ACPI
> [    1.074419] pci 0000:00:1c.3: PCI bridge to [bus 08]
> [    1.074429] pci 0000:00:1c.3:   bridge window [io  0x2000-0x2fff]
> [    1.074447] pci 0000:00:1c.3:   bridge window [mem 0x52400000-0x524fffff 64bit pref]
> [    1.074911] ACPI: PCI Interrupt Link [LNKA] (IRQs 1 3 4 5 6 10 11 12 14 15) *7
> [    1.074963] ACPI: PCI Interrupt Link [LNKB] (IRQs 1 3 4 5 6 10 *11 12 14 15)
> [    1.075012] ACPI: PCI Interrupt Link [LNKC] (IRQs 1 3 4 5 6 10 *11 12 14 15)
> [    1.075060] ACPI: PCI Interrupt Link [LNKD] (IRQs 1 3 4 5 6 *10 11 12 14 15)
> [    1.075108] ACPI: PCI Interrupt Link [LNKE] (IRQs 1 3 4 5 6 10 11 12 14 15) *0, disabled.
> [    1.075156] ACPI: PCI Interrupt Link [LNKF] (IRQs 1 3 4 5 6 *10 11 12 14 15)
> [    1.075204] ACPI: PCI Interrupt Link [LNKG] (IRQs 1 3 4 5 6 *10 11 12 14 15)
> [    1.075251] ACPI: PCI Interrupt Link [LNKH] (IRQs 1 3 4 5 6 10 11 12 14 15) *7
> [    1.075537] ACPI: Enabled 4 GPEs in block 00 to 3F
> [    1.075562] ACPI : EC: EC stopped
> [    1.075600] ACPI : EC: GPE = 0x17, I/O: command/status = 0x66, data = 0x62
> [    1.075601] ACPI : EC: EC started
> [    1.747157] vgaarb: setting as boot device: PCI:0000:00:02.0
> [    1.747159] vgaarb: device added: PCI:0000:00:02.0,decodes=io+mem,owns=io+mem,locks=none
> [    1.747162] vgaarb: loaded
> [    1.747163] vgaarb: bridge control possible 0000:00:02.0
> [    1.747301] SCSI subsystem initialized
> [    1.747352] libata version 3.00 loaded.
> [    1.747370] ACPI: bus type USB registered
> [    1.747387] usbcore: registered new interface driver usbfs
> [    1.747396] usbcore: registered new interface driver hub
> [    1.747413] usbcore: registered new device driver usb
> [    1.747513] PCI: Using ACPI for IRQ routing
> [    1.755141] PCI: pci_cache_line_size set to 64 bytes
> [    1.755247] e820: reserve RAM buffer [mem 0x0009d400-0x0009ffff]
> [    1.755249] e820: reserve RAM buffer [mem 0x3a3bf000-0x3bffffff]
> [    1.755250] e820: reserve RAM buffer [mem 0x3b000000-0x3bffffff]
> [    1.755252] e820: reserve RAM buffer [mem 0x23f600000-0x23fffffff]
> [    1.755344] NetLabel: Initializing
> [    1.755345] NetLabel:  domain hash size = 128
> [    1.755346] NetLabel:  protocols = UNLABELED CIPSOv4
> [    1.755358] NetLabel:  unlabeled traffic allowed by default
> [    1.755443] hpet0: at MMIO 0xfed00000, IRQs 2, 8, 0, 0, 0, 0, 0, 0
> [    1.755448] hpet0: 8 comparators, 64-bit 14.318180 MHz counter
> [    1.757461] amd_nb: Cannot enumerate AMD northbridges
> [    1.757473] clocksource: Switched to clocksource hpet
> [    1.763151] VFS: Disk quotas dquot_6.6.0
> [    1.763171] VFS: Dquot-cache hash table entries: 512 (order 0, 4096 bytes)
> [    1.763233] AppArmor: AppArmor Filesystem Enabled
> [    1.763282] pnp: PnP ACPI init
> [    1.763423] system 00:00: [io  0x0680-0x069f] has been reserved
> [    1.763426] system 00:00: [io  0x1000-0x100f] has been reserved
> [    1.763428] system 00:00: [io  0xffff] has been reserved
> [    1.763429] system 00:00: [io  0xffff] has been reserved
> [    1.763431] system 00:00: [io  0x0400-0x0453] has been reserved
> [    1.763433] system 00:00: [io  0x0458-0x047f] has been reserved
> [    1.763435] system 00:00: [io  0x0700-0x077f] has been reserved
> [    1.763436] system 00:00: [io  0x0500-0x0501] has been reserved
> [    1.763440] system 00:00: Plug and Play ACPI device, IDs PNP0c02 (active)
> [    1.763468] pnp 00:01: Plug and Play ACPI device, IDs PNP0b00 (active)
> [    1.763516] system 00:02: [io  0x0454-0x0457] has been reserved
> [    1.763519] system 00:02: Plug and Play ACPI device, IDs INT3f0d PNP0c02 (active)
> [    1.763548] pnp 00:03: Plug and Play ACPI device, IDs HPQ8001 PNP0303 (active)
> [    1.763576] pnp 00:04: Plug and Play ACPI device, IDs SYN1e6a SYN1e00 SYN0002 PNP0f13 (active)
> [    1.763685] system 00:05: [mem 0xfed1c000-0xfed1ffff] has been reserved
> [    1.763687] system 00:05: [mem 0xfed10000-0xfed17fff] has been reserved
> [    1.763689] system 00:05: [mem 0xfed18000-0xfed18fff] has been reserved
> [    1.763691] system 00:05: [mem 0xfed19000-0xfed19fff] has been reserved
> [    1.763692] system 00:05: [mem 0xe0000000-0xefffffff] has been reserved
> [    1.763694] system 00:05: [mem 0xfed20000-0xfed3ffff] has been reserved
> [    1.763696] system 00:05: [mem 0xfed90000-0xfed93fff] has been reserved
> [    1.763698] system 00:05: [mem 0xff000000-0xffffffff] could not be reserved
> [    1.763700] system 00:05: [mem 0xfee00000-0xfeefffff] could not be reserved
> [    1.763702] system 00:05: [mem 0x3fa00000-0x3fa00fff] has been reserved
> [    1.763704] system 00:05: Plug and Play ACPI device, IDs PNP0c02 (active)
> [    1.763961] pnp 00:06: disabling [mem 0x40000000-0x401fffff] because it overlaps 0000:00:02.0 BAR 2 [mem 0x40000000-0x4fffffff 64bit pref]
> [    1.763986] system 00:06: [mem 0x20000000-0x201fffff] has been reserved
> [    1.763989] system 00:06: Plug and Play ACPI device, IDs PNP0c01 (active)
> [    1.764005] pnp: PnP ACPI: found 7 devices
> [    1.770299] clocksource: acpi_pm: mask: 0xffffff max_cycles: 0xffffff, max_idle_ns: 2085701024 ns
> [    1.770331] pci 0000:00:1c.0: PCI bridge to [bus 01]
> [    1.770338] pci 0000:00:1c.0:   bridge window [mem 0x52500000-0x525fffff]
> [    1.770347] pci 0000:00:1c.2: PCI bridge to [bus 02-07]
> [    1.770350] pci 0000:00:1c.2:   bridge window [io  0x3000-0x3fff]
> [    1.770355] pci 0000:00:1c.2:   bridge window [mem 0x51000000-0x51ffffff]
> [    1.770360] pci 0000:00:1c.2:   bridge window [mem 0x50000000-0x50ffffff 64bit pref]
> [    1.770366] pci 0000:00:1c.3: PCI bridge to [bus 08]
> [    1.770369] pci 0000:00:1c.3:   bridge window [io  0x2000-0x2fff]
> [    1.770377] pci 0000:00:1c.3:   bridge window [mem 0x52400000-0x524fffff 64bit pref]
> [    1.770384] pci_bus 0000:00: resource 4 [io  0x0000-0x0cf7 window]
> [    1.770386] pci_bus 0000:00: resource 5 [io  0x0d00-0xffff window]
> [    1.770388] pci_bus 0000:00: resource 6 [mem 0x000a0000-0x000bffff window]
> [    1.770389] pci_bus 0000:00: resource 7 [mem 0x3fa00000-0xfeafffff window]
> [    1.770391] pci_bus 0000:01: resource 1 [mem 0x52500000-0x525fffff]
> [    1.770393] pci_bus 0000:02: resource 0 [io  0x3000-0x3fff]
> [    1.770394] pci_bus 0000:02: resource 1 [mem 0x51000000-0x51ffffff]
> [    1.770396] pci_bus 0000:02: resource 2 [mem 0x50000000-0x50ffffff 64bit pref]
> [    1.770398] pci_bus 0000:08: resource 0 [io  0x2000-0x2fff]
> [    1.770399] pci_bus 0000:08: resource 2 [mem 0x52400000-0x524fffff 64bit pref]
> [    1.770422] NET: Registered protocol family 2
> [    1.770556] TCP established hash table entries: 65536 (order: 7, 524288 bytes)
> [    1.770689] TCP bind hash table entries: 65536 (order: 8, 1048576 bytes)
> [    1.770820] TCP: Hash tables configured (established 65536 bind 65536)
> [    1.770847] UDP hash table entries: 4096 (order: 5, 131072 bytes)
> [    1.770874] UDP-Lite hash table entries: 4096 (order: 5, 131072 bytes)
> [    1.770934] NET: Registered protocol family 1
> [    1.770947] pci 0000:00:02.0: Video device with shadowed ROM at [mem 0x000c0000-0x000dffff]
> [    1.801701] PCI: CLS 64 bytes, default 64
> [    1.801749] Trying to unpack rootfs image as initramfs...
> [    1.885323] Freeing initrd memory: 4996K (ffff88003762e000 - ffff880037b0f000)
> [    1.885328] PCI-DMA: Using software bounce buffering for IO (SWIOTLB)
> [    1.885330] software IO TLB [mem 0x3362e000-0x3762e000] (64MB) mapped at [ffff88003362e000-ffff88003762dfff]
> [    1.885375] RAPL PMU: API unit is 2^-32 Joules, 3 fixed counters, 163840 ms ovfl timer
> [    1.885377] RAPL PMU: hw unit of domain pp0-core 2^-16 Joules
> [    1.885378] RAPL PMU: hw unit of domain package 2^-16 Joules
> [    1.885379] RAPL PMU: hw unit of domain pp1-gpu 2^-16 Joules
> [    1.885475] Scanning for low memory corruption every 60 seconds
> [    1.885843] futex hash table entries: 2048 (order: 5, 131072 bytes)
> [    1.885871] audit: initializing netlink subsys (disabled)
> [    1.885884] audit: type=2000 audit(1472920701.848:1): initialized
> [    1.886279] Initialise system trusted keyrings
> [    1.886369] workingset: timestamp_bits=38 max_order=21 bucket_order=0
> [    1.887912] zbud: loaded
> [    1.888417] fuse init (API version 7.25)
> [    1.888550] Key type big_key registered
> [    1.888988] Key type asymmetric registered
> [    1.888990] Asymmetric key parser 'x509' registered
> [    1.889022] Block layer SCSI generic (bsg) driver version 0.4 loaded (major 250)
> [    1.889056] io scheduler noop registered
> [    1.889058] io scheduler deadline registered (default)
> [    1.889088] io scheduler cfq registered
> [    1.889512] pci_hotplug: PCI Hot Plug PCI Core version: 0.5
> [    1.889517] pciehp: PCI Express Hot Plug Controller Driver version: 0.4
> [    1.889541] vesafb: mode is 1366x768x32, linelength=5504, pages=0
> [    1.889542] vesafb: scrolling: redraw
> [    1.889544] vesafb: Truecolor: size=8:8:8:8, shift=24:16:8:0
> [    1.889555] vesafb: framebuffer at 0x40000000, mapped to 0xffffc90001000000, using 4160k, total 4160k
> [    1.961334] Console: switching to colour frame buffer device 170x48
> [    2.032814] fb0: VESA VGA frame buffer device
> [    2.032827] intel_idle: MWAIT substates: 0x21120
> [    2.032829] intel_idle: v0.4.1 model 0x2A
> [    2.032974] intel_idle: lapic_timer_reliable_states 0xffffffff
> [    2.237722] ACPI: AC Adapter [AC] (on-line)
> [    2.237804] input: Lid Switch as /devices/LNXSYSTM:00/LNXSYBUS:00/PNP0C0D:00/input/input0
> [    2.238073] ACPI: Lid Switch [LID0]
> [    2.238122] input: Power Button as /devices/LNXSYSTM:00/LNXSYBUS:00/PNP0C0C:00/input/input1
> [    2.238127] ACPI: Power Button [PWRB]
> [    2.238164] input: Power Button as /devices/LNXSYSTM:00/LNXPWRBN:00/input/input2
> [    2.238166] ACPI: Power Button [PWRF]
> [    2.242438] thermal LNXTHERM:00: registered as thermal_zone0
> [    2.242441] ACPI: Thermal Zone [TZ00] (50 C)
> [    2.243117] thermal LNXTHERM:01: registered as thermal_zone1
> [    2.243118] ACPI: Thermal Zone [TZ01] (0 C)
> [    2.243148] GHES: HEST is not enabled!
> [    2.243298] Serial: 8250/16550 driver, 32 ports, IRQ sharing enabled
> [    2.246298] Linux agpgart interface v0.103
> [    2.248578] ACPI: Battery Slot [BAT0] (battery present)
> [    2.250176] brd: module loaded
> [    2.251790] loop: module loaded
> [    2.251965] libphy: Fixed MDIO Bus: probed
> [    2.251967] tun: Universal TUN/TAP device driver, 1.6
> [    2.251969] tun: (C) 1999-2004 Max Krasnyansky <maxk@qualcomm.com>
> [    2.252013] PPP generic driver version 2.4.2
> [    2.252067] ehci_hcd: USB 2.0 'Enhanced' Host Controller (EHCI) Driver
> [    2.252070] ehci-pci: EHCI PCI platform driver
> [    2.252190] ehci-pci 0000:00:1a.0: EHCI Host Controller
> [    2.252197] ehci-pci 0000:00:1a.0: new USB bus registered, assigned bus number 1
> [    2.252209] ehci-pci 0000:00:1a.0: debug port 2
> [    2.256098] ehci-pci 0000:00:1a.0: cache line size of 64 is not supported
> [    2.256109] ehci-pci 0000:00:1a.0: irq 16, io mem 0x52609000
> [    2.269520] ehci-pci 0000:00:1a.0: USB 2.0 started, EHCI 1.00
> [    2.269609] usb usb1: New USB device found, idVendor=1d6b, idProduct=0002
> [    2.269615] usb usb1: New USB device strings: Mfr=3, Product=2, SerialNumber=1
> [    2.269620] usb usb1: Product: EHCI Host Controller
> [    2.269624] usb usb1: Manufacturer: Linux 4.7.0 ehci_hcd
> [    2.269629] usb usb1: SerialNumber: 0000:00:1a.0
> [    2.269759] hub 1-0:1.0: USB hub found
> [    2.269765] hub 1-0:1.0: 2 ports detected
> [    2.269971] ehci-pci 0000:00:1d.0: EHCI Host Controller
> [    2.269976] ehci-pci 0000:00:1d.0: new USB bus registered, assigned bus number 2
> [    2.269987] ehci-pci 0000:00:1d.0: debug port 2
> [    2.273890] ehci-pci 0000:00:1d.0: cache line size of 64 is not supported
> [    2.273898] ehci-pci 0000:00:1d.0: irq 23, io mem 0x52608000
> [    2.285534] ehci-pci 0000:00:1d.0: USB 2.0 started, EHCI 1.00
> [    2.285610] usb usb2: New USB device found, idVendor=1d6b, idProduct=0002
> [    2.285615] usb usb2: New USB device strings: Mfr=3, Product=2, SerialNumber=1
> [    2.285620] usb usb2: Product: EHCI Host Controller
> [    2.285625] usb usb2: Manufacturer: Linux 4.7.0 ehci_hcd
> [    2.285629] usb usb2: SerialNumber: 0000:00:1d.0
> [    2.285749] hub 2-0:1.0: USB hub found
> [    2.285754] hub 2-0:1.0: 2 ports detected
> [    2.285865] ehci-platform: EHCI generic platform driver
> [    2.285875] ohci_hcd: USB 1.1 'Open' Host Controller (OHCI) Driver
> [    2.285881] ohci-pci: OHCI PCI platform driver
> [    2.285889] ohci-platform: OHCI generic platform driver
> [    2.285896] uhci_hcd: USB Universal Host Controller Interface driver
> [    2.285948] i8042: PNP: PS/2 Controller [PNP0303:PS2K,PNP0f13:PS2M] at 0x60,0x64 irq 1,12
> [    2.288346] serio: i8042 KBD port at 0x60,0x64 irq 1
> [    2.288350] serio: i8042 AUX port at 0x60,0x64 irq 12
> [    2.288484] mousedev: PS/2 mouse device common for all mice
> [    2.288648] rtc_cmos 00:01: RTC can wake from S4
> [    2.288835] rtc_cmos 00:01: rtc core: registered rtc_cmos as rtc0
> [    2.288871] rtc_cmos 00:01: alarms up to one month, 242 bytes nvram, hpet irqs
> [    2.288934] device-mapper: uevent: version 1.0.3
> [    2.288999] device-mapper: ioctl: 4.34.0-ioctl (2015-10-28) initialised: dm-devel@redhat.com
> [    2.289008] intel_pstate: Intel P-state driver initializing
> [    2.289160] ledtrig-cpu: registered to indicate activity on CPUs
> [    2.290057] NET: Registered protocol family 10
> [    2.290567] NET: Registered protocol family 17
> [    2.290587] Key type dns_resolver registered
> [    2.291160] microcode: CPU0 sig=0x206a7, pf=0x10, revision=0x28
> [    2.291184] microcode: CPU1 sig=0x206a7, pf=0x10, revision=0x28
> [    2.291198] microcode: CPU2 sig=0x206a7, pf=0x10, revision=0x28
> [    2.291218] microcode: CPU3 sig=0x206a7, pf=0x10, revision=0x28
> [    2.291338] microcode: Microcode Update Driver: v2.01 <tigran@aivazian.fsnet.co.uk>, Peter Oruba
> [    2.291690] registered taskstats version 1
> [    2.291697] Loading compiled-in X.509 certificates
> [    2.291735] zswap: loaded using pool lzo/zbud
> [    2.301402] Key type trusted registered
> [    2.304522] Key type encrypted registered
> [    2.304526] AppArmor: AppArmor sha1 policy hashing enabled
> [    2.304529] ima: No TPM chip found, activating TPM-bypass!
> [    2.304555] evm: HMAC attrs: 0x1
> [    2.304936]   Magic number: 0:521:640
> [    2.305051] rtc_cmos 00:01: setting system clock to 2016-09-03 16:38:22 UTC (1472920702)
> [    2.305102] BIOS EDD facility v0.16 2004-Jun-25, 0 devices found
> [    2.305103] EDD information not available.
> [    2.305170] PM: Hibernation image not present or could not be loaded.
> [    2.305562] input: AT Translated Set 2 keyboard as /devices/platform/i8042/serio0/input/input3
> [    2.305993] Freeing unused kernel memory: 1512K (ffffffff81d3d000 - ffffffff81eb7000)
> [    2.305996] Write protecting the kernel read-only data: 12288k
> [    2.306261] Freeing unused kernel memory: 268K (ffff8800017bd000 - ffff880001800000)
> [    2.307807] Freeing unused kernel memory: 636K (ffff880001b61000 - ffff880001c00000)
> [    2.319729] systemd-udevd[150]: starting version 204
> [    2.340559] rtsx_pci 0000:02:00.0: rtsx_pci_acquire_irq: pcr->msi_en = 1, pci->irq = 24
> [    2.340795] r8169 Gigabit Ethernet driver 2.3LK-NAPI loaded
> [    2.340804] r8169 0000:08:00.0: can't disable ASPM; OS doesn't have ASPM control
> [    2.341345] r8169 0000:08:00.0 eth0: RTL8105e at 0xffffc90000e8a000, 84:34:97:92:f7:e1, XID 00c00000 IRQ 25
> [    2.342137] ahci 0000:00:1f.2: version 3.0
> [    2.352411] ahci 0000:00:1f.2: AHCI 0001.0300 32 slots 6 ports 6 Gbps 0x5 impl SATA mode
> [    2.352416] ahci 0000:00:1f.2: flags: 64bit ncq pm led clo pio slum part ems apst
> [    2.358246] scsi host0: ahci
> [    2.358362] scsi host1: ahci
> [    2.358598] scsi host2: ahci
> [    2.358849] scsi host3: ahci
> [    2.358950] scsi host4: ahci
> [    2.359236] scsi host5: ahci
> [    2.359313] ata1: SATA max UDMA/133 abar m2048@0x52607000 port 0x52607100 irq 26
> [    2.359316] ata2: DUMMY
> [    2.359320] ata3: SATA max UDMA/133 abar m2048@0x52607000 port 0x52607200 irq 26
> [    2.359322] ata4: DUMMY
> [    2.359323] ata5: DUMMY
> [    2.359325] ata6: DUMMY
> [    2.581626] usb 1-1: new high-speed USB device number 2 using ehci-pci
> [    2.601610] usb 2-1: new high-speed USB device number 2 using ehci-pci
> [    2.669260] ata3: SATA link up 1.5 Gbps (SStatus 113 SControl 300)
> [    2.669362] ata1: SATA link up 3.0 Gbps (SStatus 123 SControl 300)
> [    2.670785] ata1.00: ATA-8: Hitachi HTS545050A7E380, GG2OA7A0, max UDMA/100
> [    2.670795] ata1.00: 976773168 sectors, multi 16: LBA48 NCQ (depth 31/32), AA
> [    2.672219] ata3.00: ATAPI: hp       DVDRAM GT80N, R102, max UDMA/100
> [    2.672277] ata1.00: configured for UDMA/100
> [    2.672633] scsi 0:0:0:0: Direct-Access     ATA      Hitachi HTS54505 A7A0 PQ: 0 ANSI: 5
> [    2.675740] ata3.00: configured for UDMA/100
> [    2.677800] sd 0:0:0:0: [sda] 976773168 512-byte logical blocks: (500 GB/466 GiB)
> [    2.677805] sd 0:0:0:0: [sda] 4096-byte physical blocks
> [    2.677849] sd 0:0:0:0: Attached scsi generic sg0 type 0
> [    2.677871] sd 0:0:0:0: [sda] Write Protect is off
> [    2.677875] sd 0:0:0:0: [sda] Mode Sense: 00 3a 00 00
> [    2.677916] sd 0:0:0:0: [sda] Write cache: enabled, read cache: enabled, doesn't support DPO or FUA
> [    2.681127] scsi 2:0:0:0: CD-ROM            hp       DVDRAM GT80N     R102 PQ: 0 ANSI: 5
> [    2.701519] sr 2:0:0:0: [sr0] scsi3-mmc drive: 24x/24x writer dvd-ram cd/rw xa/form2 cdda tray
> [    2.701538] cdrom: Uniform CD-ROM driver Revision: 3.20
> [    2.701700] sr 2:0:0:0: Attached scsi CD-ROM sr0
> [    2.701775] sr 2:0:0:0: Attached scsi generic sg1 type 5
> [    2.714476] usb 1-1: New USB device found, idVendor=8087, idProduct=0024
> [    2.714480] usb 1-1: New USB device strings: Mfr=0, Product=0, SerialNumber=0
> [    2.714745] hub 1-1:1.0: USB hub found
> [    2.714830] hub 1-1:1.0: 6 ports detected
> [    2.734339] usb 2-1: New USB device found, idVendor=8087, idProduct=0024
> [    2.734343] usb 2-1: New USB device strings: Mfr=0, Product=0, SerialNumber=0
> [    2.734632] hub 2-1:1.0: USB hub found
> [    2.734699] hub 2-1:1.0: 6 ports detected
> [    2.872487]  sda: sda1 sda2 sda3 < sda5 sda6 sda7 sda8 sda9 sda10 sda11 sda12 sda13 > sda4
> [    2.873614] sd 0:0:0:0: [sda] Attached SCSI disk
> [    2.881578] tsc: Refined TSC clocksource calibration: 2394.561 MHz
> [    2.881591] clocksource: tsc: mask: 0xffffffffffffffff max_cycles: 0x22842564e28, max_idle_ns: 440795246705 ns
> [    3.005597] usb 2-1.3: new high-speed USB device number 3 using ehci-pci
> [    3.015581] psmouse serio1: synaptics: queried max coordinates: x [..5730], y [..4966]
> [    3.041673] psmouse serio1: synaptics: queried min coordinates: x [1234..], y [934..]
> [    3.092532] psmouse serio1: synaptics: Touchpad model: 1, fw: 7.5, id: 0x1e0b1, caps: 0xf00173/0x240000/0xa2400/0x0, board id: 2067, fw id: 1032759
> [    3.129207] input: SynPS/2 Synaptics TouchPad as /devices/platform/i8042/serio1/input/input5
> [    3.174966] usb 2-1.3: New USB device found, idVendor=064e, idProduct=e263
> [    3.174976] usb 2-1.3: New USB device strings: Mfr=3, Product=1, SerialNumber=2
> [    3.174982] usb 2-1.3: Product: HP TrueVision HD
> [    3.174987] usb 2-1.3: Manufacturer: SuYin
> [    3.174991] usb 2-1.3: SerialNumber: HF1016-T821-SE01-VH-R01.00.05
> [    3.881693] clocksource: Switched to clocksource tsc
> [    4.000931] random: nonblocking pool is initialized
> [    4.802639] EXT4-fs (sda10): mounted filesystem with ordered data mode. Opts: (null)
> [   19.118144] Adding 6176764k swap on /dev/sda11.  Priority:-1 extents:1 across:6176764k FS
> [   19.385170] systemd-udevd[347]: starting version 204
> [   20.003689] Initializing HPQ6001 module
> [   20.003766] input: HP Wireless hotkeys as /devices/virtual/input/input6
> [   20.032634] wmi: Mapper loaded
> [   20.074935] lp: driver loaded but no devices found
> [   20.175225] ppdev: user-space parallel port driver
> [   20.234279] ACPI Warning: SystemIO range 0x0000000000000428-0x000000000000042F conflicts with OpRegion 0x0000000000000400-0x000000000000047F (\PMIO) (20160422/utaddress-255)
> [   20.234289] ACPI Warning: SystemIO range 0x0000000000000428-0x000000000000042F conflicts with OpRegion 0x0000000000000400-0x000000000000043F (\_SB.PCI0.LPCB.PMBS) (20160422/utaddress-255)
> [   20.234294] ACPI: If an ACPI driver is available for this device, you should use it instead of the native driver
> [   20.234299] ACPI Warning: SystemIO range 0x0000000000000740-0x000000000000074F conflicts with OpRegion 0x0000000000000700-0x0000000000000763 (\GPIO) (20160422/utaddress-255)
> [   20.234303] ACPI: If an ACPI driver is available for this device, you should use it instead of the native driver
> [   20.234306] ACPI Warning: SystemIO range 0x0000000000000730-0x000000000000073F conflicts with OpRegion 0x0000000000000700-0x0000000000000763 (\GPIO) (20160422/utaddress-255)
> [   20.234311] ACPI Warning: SystemIO range 0x0000000000000730-0x000000000000073F conflicts with OpRegion 0x0000000000000700-0x000000000000073F (\_SB.PCI0.LPCB.GPIO) (20160422/utaddress-255)
> [   20.234315] ACPI: If an ACPI driver is available for this device, you should use it instead of the native driver
> [   20.234317] ACPI Warning: SystemIO range 0x0000000000000700-0x000000000000072F conflicts with OpRegion 0x0000000000000700-0x0000000000000763 (\GPIO) (20160422/utaddress-255)
> [   20.234322] ACPI Warning: SystemIO range 0x0000000000000700-0x000000000000072F conflicts with OpRegion 0x0000000000000700-0x000000000000073F (\_SB.PCI0.LPCB.GPIO) (20160422/utaddress-255)
> [   20.234327] ACPI: If an ACPI driver is available for this device, you should use it instead of the native driver
> [   20.234329] lpc_ich: Resource conflict(s) found affecting gpio_ich
> [   20.851218] shpchp: Standard Hot Plug PCI Controller Driver version: 0.4
> [   21.272952] input: HP WMI hotkeys as /devices/virtual/input/input7
> [   21.526159] intel_rapl: Found RAPL domain package
> [   21.526164] intel_rapl: Found RAPL domain core
> [   21.526167] intel_rapl: Found RAPL domain uncore
> [   22.613470] audit: type=1400 audit(1472920722.801:2): apparmor="STATUS" operation="profile_load" name="/sbin/dhclient" pid=440 comm="apparmor_parser"
> [   22.613477] audit: type=1400 audit(1472920722.801:3): apparmor="STATUS" operation="profile_load" name="/usr/lib/NetworkManager/nm-dhcp-client.action" pid=440 comm="apparmor_parser"
> [   22.613480] audit: type=1400 audit(1472920722.801:4): apparmor="STATUS" operation="profile_load" name="/usr/lib/connman/scripts/dhclient-script" pid=440 comm="apparmor_parser"
> [   22.613488] audit: type=1400 audit(1472920722.801:5): apparmor="STATUS" operation="profile_replace" name="/sbin/dhclient" pid=441 comm="apparmor_parser"
> [   22.613494] audit: type=1400 audit(1472920722.801:6): apparmor="STATUS" operation="profile_replace" name="/usr/lib/NetworkManager/nm-dhcp-client.action" pid=441 comm="apparmor_parser"
> [   22.613497] audit: type=1400 audit(1472920722.801:7): apparmor="STATUS" operation="profile_replace" name="/usr/lib/connman/scripts/dhclient-script" pid=441 comm="apparmor_parser"
> [   22.613850] audit: type=1400 audit(1472920722.801:8): apparmor="STATUS" operation="profile_replace" name="/usr/lib/NetworkManager/nm-dhcp-client.action" pid=440 comm="apparmor_parser"
> [   22.613854] audit: type=1400 audit(1472920722.801:9): apparmor="STATUS" operation="profile_replace" name="/usr/lib/connman/scripts/dhclient-script" pid=440 comm="apparmor_parser"
> [   22.613867] audit: type=1400 audit(1472920722.801:10): apparmor="STATUS" operation="profile_replace" name="/usr/lib/NetworkManager/nm-dhcp-client.action" pid=441 comm="apparmor_parser"
> [   22.613871] audit: type=1400 audit(1472920722.801:11): apparmor="STATUS" operation="profile_replace" name="/usr/lib/connman/scripts/dhclient-script" pid=441 comm="apparmor_parser"
> [   22.769413] media: Linux media interface: v0.10
> [   22.778160] [drm] Initialized drm 1.1.0 20060810
> [   23.399653] Linux video capture interface: v2.00
> [   24.420961] uvcvideo: Found UVC 1.00 device HP TrueVision HD (064e:e263)
> [   24.426416] uvcvideo 2-1.3:1.0: Entity type for entity Extension 4 was not initialized!
> [   24.426420] uvcvideo 2-1.3:1.0: Entity type for entity Processing 2 was not initialized!
> [   24.426422] uvcvideo 2-1.3:1.0: Entity type for entity Camera 1 was not initialized!
> [   24.426533] input: HP TrueVision HD as /devices/pci0000:00/0000:00:1d.0/usb2/2-1/2-1.3/2-1.3:1.0/input/input8
> [   24.426602] usbcore: registered new interface driver uvcvideo
> [   24.426604] USB Video Class driver (1.1.1)
> [   24.989025] EXT4-fs (sda10): re-mounted. Opts: errors=remount-ro
> [   25.022059] snd_hda_codec_realtek hdaudioC0D0: autoconfig for ALC269VC: line_outs=1 (0x14/0x0/0x0/0x0/0x0) type:speaker
> [   25.022064] snd_hda_codec_realtek hdaudioC0D0:    speaker_outs=0 (0x0/0x0/0x0/0x0/0x0)
> [   25.022067] snd_hda_codec_realtek hdaudioC0D0:    hp_outs=1 (0x15/0x0/0x0/0x0/0x0)
> [   25.022070] snd_hda_codec_realtek hdaudioC0D0:    mono: mono_out=0x0
> [   25.022072] snd_hda_codec_realtek hdaudioC0D0:    inputs:
> [   25.022075] snd_hda_codec_realtek hdaudioC0D0:      Mic=0x18
> [   25.022077] snd_hda_codec_realtek hdaudioC0D0:      Internal Mic=0x12
> [   26.180509] init: failsafe main process (619) killed by TERM signal
> [   27.479034] init: cups main process (679) killed by HUP signal
> [   27.479044] init: cups main process ended, respawning
> [   28.113638] audit_printk_skb: 15 callbacks suppressed
> [   28.113642] audit: type=1400 audit(1472920728.301:17): apparmor="STATUS" operation="profile_load" name="/usr/lib/lightdm/lightdm-guest-session" pid=749 comm="apparmor_parser"
> [   28.113647] audit: type=1400 audit(1472920728.301:18): apparmor="STATUS" operation="profile_load" name="chromium" pid=749 comm="apparmor_parser"
> [   28.113847] audit: type=1400 audit(1472920728.301:19): apparmor="STATUS" operation="profile_replace" name="chromium" pid=749 comm="apparmor_parser"
> [   28.116212] audit: type=1400 audit(1472920728.305:20): apparmor="STATUS" operation="profile_replace" name="/sbin/dhclient" pid=750 comm="apparmor_parser"
> [   28.116219] audit: type=1400 audit(1472920728.305:21): apparmor="STATUS" operation="profile_replace" name="/usr/lib/NetworkManager/nm-dhcp-client.action" pid=750 comm="apparmor_parser"
> [   28.116223] audit: type=1400 audit(1472920728.305:22): apparmor="STATUS" operation="profile_replace" name="/usr/lib/connman/scripts/dhclient-script" pid=750 comm="apparmor_parser"
> [   28.116592] audit: type=1400 audit(1472920728.305:23): apparmor="STATUS" operation="profile_replace" name="/usr/lib/NetworkManager/nm-dhcp-client.action" pid=750 comm="apparmor_parser"
> [   28.116595] audit: type=1400 audit(1472920728.305:24): apparmor="STATUS" operation="profile_replace" name="/usr/lib/connman/scripts/dhclient-script" pid=750 comm="apparmor_parser"
> [   28.116775] audit: type=1400 audit(1472920728.305:25): apparmor="STATUS" operation="profile_replace" name="/usr/lib/connman/scripts/dhclient-script" pid=750 comm="apparmor_parser"
> [   28.119532] audit: type=1400 audit(1472920728.309:26): apparmor="STATUS" operation="profile_load" name="/usr/sbin/cups-browsed" pid=754 comm="apparmor_parser"
> [   29.456576] Bluetooth: Core ver 2.21
> [   29.456595] NET: Registered protocol family 31
> [   29.456596] Bluetooth: HCI device and connection manager initialized
> [   29.456600] Bluetooth: HCI socket layer initialized
> [   29.456603] Bluetooth: L2CAP socket layer initialized
> [   29.456608] Bluetooth: SCO socket layer initialized
> [   30.115926] Bluetooth: RFCOMM TTY layer initialized
> [   30.115933] Bluetooth: RFCOMM socket layer initialized
> [   30.115940] Bluetooth: RFCOMM ver 1.11
> [   30.663113] Bluetooth: BNEP (Ethernet Emulation) ver 1.3
> [   30.663116] Bluetooth: BNEP filters: protocol multicast
> [   30.663121] Bluetooth: BNEP socket layer initialized
> [   31.484871] init: alsa-restore main process (877) terminated with status 19
> [   32.951112] [drm] Memory usable by graphics device = 2048M
> [   32.951117] checking generic (40000000 410000) vs hw (40000000 10000000)
> [   32.951118] fb: switching to inteldrmfb from VESA VGA
> [   32.951168] Console: switching to colour dummy device 80x25
> [   32.951380] [drm] Replacing VGA console driver
> [   32.957012] [drm] Supports vblank timestamp caching Rev 2 (21.10.2013).
> [   32.957019] [drm] Driver supports precise vblank timestamp query.
> [   32.959525] vgaarb: device changed decodes: PCI:0000:00:02.0,olddecodes=io+mem,decodes=io+mem:owns=io+mem
> [   32.979876] ACPI: Video Device [GFX0] (multi-head: yes  rom: no  post: no)
> [   32.980137] input: Video Bus as /devices/LNXSYSTM:00/LNXSYBUS:00/PNP0A08:00/LNXVIDEO:00/input/input11
> [   32.982483] ieee80211 phy0: rt2x00_set_rt: Info - RT chipset 5390, rev 1502 detected
> [   32.986579] ieee80211 phy0: rt2x00_set_rf: Info - RF chipset 5390 detected
> [   33.031023] ieee80211 phy0: Selected rate control algorithm 'minstrel_ht'
> [   33.115986] snd_hda_intel 0000:00:1b.0: bound 0000:00:02.0 (ops i915_audio_component_bind_ops [i915])
> [   33.115995] [drm] Initialized i915 1.6.0 20160425 for 0000:00:02.0 on minor 0
> [   33.116035] fbcon: inteldrmfb (fb0) is primary device
> [   33.408123] ieee80211 phy0: rt2x00lib_request_firmware: Info - Loading firmware file 'rt2860.bin'
> [   33.593640] ieee80211 phy0: rt2x00lib_request_firmware: Info - Firmware detected - version: 0.34
> [   33.715753] IPv6: ADDRCONF(NETDEV_UP): wlan0: link is not ready
> [   34.022322] r8169 0000:08:00.0 eth0: link down
> [   34.022366] IPv6: ADDRCONF(NETDEV_UP): eth0: link is not ready
> [   34.040725] Console: switching to colour frame buffer device 170x48
> [   34.170805] i915 0000:00:02.0: fb0: inteldrmfb frame buffer device
> [   34.178043] input: HDA Intel PCH Mic as /devices/pci0000:00/0000:00:1b.0/sound/card0/input9
> [   34.178195] input: HDA Intel PCH Headphone as /devices/pci0000:00/0000:00:1b.0/sound/card0/input10
> [   34.178319] input: HDA Intel PCH HDMI/DP,pcm=3 as /devices/pci0000:00/0000:00:1b.0/sound/card0/input12
> [   35.907177] wlan0: authenticate with c8:3a:35:50:cd:b9
> [   35.916098] wlan0: send auth to c8:3a:35:50:cd:b9 (try 1/3)
> [   35.917739] wlan0: authenticated
> [   35.919414] wlan0: associate with c8:3a:35:50:cd:b9 (try 1/3)
> [   35.922969] wlan0: RX AssocResp from c8:3a:35:50:cd:b9 (capab=0x411 status=0 aid=5)
> [   35.923093] wlan0: associated
> [   35.923103] IPv6: ADDRCONF(NETDEV_CHANGE): wlan0: link becomes ready
> [   37.862975] init: plymouth-upstart-bridge main process ended, respawning
> [   37.929038] init: plymouth-upstart-bridge main process ended, respawning
> [   39.238506] init: plymouth-stop pre-start process (1292) terminated with status 1
> [   57.050048] audit_printk_skb: 123 callbacks suppressed
> [   57.050052] audit: type=1400 audit(1472920757.240:68): apparmor="STATUS" operation="profile_replace" name="/usr/lib/cups/backend/cups-pdf" pid=1528 comm="apparmor_parser"
> [   57.050059] audit: type=1400 audit(1472920757.240:69): apparmor="STATUS" operation="profile_replace" name="/usr/sbin/cupsd" pid=1528 comm="apparmor_parser"
> [   57.050445] audit: type=1400 audit(1472920757.240:70): apparmor="STATUS" operation="profile_replace" name="/usr/sbin/cupsd" pid=1528 comm="apparmor_parser"


Linus's tree is newer than this, or you forgot to set the requested
configuration option :(

mohsin <mohsinshan1k@gmail.com>
AttachmentsSep 8

to Little 
Hi Little,
I have completed second challenge.
I not attached the full logs as you mentioned.

2 Attachments 
 

Little Penguin <little@eudyptula-challenge.org>
Sep 8

to me 
This is the semi-friendly Eudyptula Challenge autoresponder here.

Just a short note saying I have received your response for task 02,
and it will be processed in the order in which it was received.  If you
resend this task, your order in the queue will jump to the back of the
line, so please don't do that.

Just to provide some information, you are currently number 8 in
line, and the response that is next is from "7 Sep 2016 09:12:31 -0700"
so be aware of the potential wait time.

To see where you are in the overall challenge, and where the long wait
times are, see the current statistics below.

Remember, this is not a race, there is no rush, if tasks take a while to
be graded, enjoy the time to go do something else.  There is a lot more
in life other than Linux kernel programming.

        - little

-------------------------------------
Task Number    People    Queue Length
-------------------------------------
  Finished        122
        20         36              0
        19         28              0
        18         29              3
        17          6              0
        16         51              0
        15         12              1
        14         13              1
        13          6              1
        12          5              0
        11         53              1
        10         77              0
        09        309              7
        08          3              8
        07         59              1
        06        369             28
        05       1072              4
        04        668             19
        03        427             10
        02       1124              8
        01       1794             13
-------------------------------------
Active:          6263
Duplicates:        11
Removed:        10426
---------------------
Total:          16689

Little Penguin <little@eudyptula-challenge.org>
Sep 8

to me 

> [    0.000000] Linux version 4.8.0-rc5 (mohsin@mohsins-PC) (gcc version 4.8.4 (Ubuntu 4.8.4-2ubuntu1~14.04.3) ) #1 SMP Thu Sep 8 09:34:03 PKT 2016
> [    0.000000] Command line: BOOT_IMAGE=/boot/vmlinuz-4.8.0-rc5 root=UUID=dd21d577-fd5c-4fc0-89c8-0d93fe5c484b ro quiet splash vt.handoff=7
> [    0.000000] KERNEL supported cpus:
> [    0.000000]   Intel GenuineIntel
> [    0.000000]   AMD AuthenticAMD
> [    0.000000]   Centaur CentaurHauls
> #
> # Automatically generated file; DO NOT EDIT.
> # Linux/x86 4.8.0-rc5 Kernel Configuration
> #
>
> #
> # General setup
> #
> CONFIG_INIT_ENV_ARG_LIMIT=32
> CONFIG_CROSS_COMPILE=""
> # CONFIG_COMPILE_TEST is not set
> CONFIG_LOCALVERSION=""
> CONFIG_LOCALVERSION_AUTO=y
> CONFIG_HAVE_KERNEL_GZIP=y
> CONFIG_HAVE_KERNEL_BZIP2=y
> CONFIG_HAVE_KERNEL_LZMA=y
> CONFIG_HAVE_KERNEL_XZ=y
> CONFIG_HAVE_KERNEL_LZO=y
> CONFIG_HAVE_KERNEL_LZ4=y
> CONFIG_KERNEL_GZIP=y
> # CONFIG_KERNEL_BZIP2 is not set
> # CONFIG_KERNEL_LZMA is not set
> # CONFIG_KERNEL_XZ is not set
> # CONFIG_KERNEL_LZO is not set
> # CONFIG_KERNEL_LZ4 is not set
> CONFIG_DEFAULT_HOSTNAME="(none)"
> CONFIG_SWAP=y
> CONFIG_SYSVIPC=y
> CONFIG_SYSVIPC_SYSCTL=y
> CONFIG_POSIX_MQUEUE=y
> CONFIG_POSIX_MQUEUE_SYSCTL=y
> CONFIG_CROSS_MEMORY_ATTACH=y
> CONFIG_FHANDLE=y
> CONFIG_USELIB=y
> CONFIG_AUDIT=y
> CONFIG_HAVE_ARCH_AUDITSYSCALL=y
> CONFIG_AUDITSYSCALL=y
> CONFIG_AUDIT_WATCH=y
> CONFIG_AUDIT_TREE=y


mohsin <mohsinshan1k@gmail.com>
AttachmentsSep 8

to Little 
Hi Little,
I have completed the challenge.

2 Attachments 
 

Little Penguin <little@eudyptula-challenge.org>
Sep 8

to me 
This is the semi-friendly Eudyptula Challenge autoresponder here.

Just a short note saying I have received your response for task 02,
and it will be processed in the order in which it was received.  If you
resend this task, your order in the queue will jump to the back of the
line, so please don't do that.

Just to provide some information, you are currently number 5 in
line, and the response that is next is from "8 Sep 2016 06:34:21 -0500"
so be aware of the potential wait time.

To see where you are in the overall challenge, and where the long wait
times are, see the current statistics below.

Remember, this is not a race, there is no rush, if tasks take a while to
be graded, enjoy the time to go do something else.  There is a lot more
in life other than Linux kernel programming.

        - little

-------------------------------------
Task Number    People    Queue Length
-------------------------------------
  Finished        122
        20         36              0
        19         28              0
        18         29              5
        17          6              0
        16         52              0
        15         12              0
        14         13              0
        13          5              0
        12          6              0
        11         52              0
        10         77              0
        09        309              8
        08          5              8
        07         59              1
        06        367             21
        05       1072              2
        04        674             26
        03        424              1
        02       1130              5
        01       1804              5
-------------------------------------
Active:          6282
Duplicates:        11
Removed:        10426
---------------------
Total:          16708

Little Penguin <little@eudyptula-challenge.org>
Sep 8

to me 

> [    0.000000] Linux version 4.8.0-rc5-mohsin_shan (mohsin@mohsins-PC) (gcc version 4.8.4 (Ubuntu 4.8.4-2ubuntu1~14.04.3) ) #5 SMP Thu Sep 8 17:41:02 PKT 2016
> [    0.000000] Command line: BOOT_IMAGE=/boot/vmlinuz-4.8.0-rc5-mohsin_shan root=UUID=dd21d577-fd5c-4fc0-89c8-0d93fe5c484b ro quiet splash vt.handoff=7


mohsin <mohsinshan1k@gmail.com>
AttachmentsSep 12

to Little 
Hi Little,
I have completed task 2.

Regards,
Mohsin
Attachments area

Little Penguin <little@eudyptula-challenge.org>
Sep 12

to me 
This is the semi-friendly Eudyptula Challenge autoresponder here.

Just a short note saying I have received your response for task 02,
and it will be processed in the order in which it was received.  If you
resend this task, your order in the queue will jump to the back of the
line, so please don't do that.

Just to provide some information, you are currently number 1 in
line, and the response that is next is from "12 Sep 2016 14:48:11 +0500"
so be aware of the potential wait time.

To see where you are in the overall challenge, and where the long wait
times are, see the current statistics below.

Remember, this is not a race, there is no rush, if tasks take a while to
be graded, enjoy the time to go do something else.  There is a lot more
in life other than Linux kernel programming.

        - little

-------------------------------------
Task Number    People    Queue Length
-------------------------------------
  Finished        122
        20         38              0
        19         32              1
        18         23              0
        17          6              0
        16         53              0
        15         11              0
        14         13              0
        13          6              0
        12          5              0
        11         53              0
        10         88              0
        09        299              1
        08         10              0
        07         62              1
        06        365             20
        05       1078              0
        04        685             29
        03        435              2
        02       1126              1
        01       1817              2
-------------------------------------
Active:          6327
Duplicates:        11
Removed:        10427
---------------------
Total:          16754

Little Penguin <little@eudyptula-challenge.org>
Sep 12

to me 

> [    0.000000] Linux version 4.8.0-rc5-00075-gd71f058-dirty (mohsin@mohsins-PC) (gcc version 4.8.4 (Ubuntu 4.8.4-2ubuntu1~14.04.3) ) #2 SMP Sun Sep 11 00:27:02 PKT 2016
> [    0.000000] Command line: BOOT_IMAGE=/boot/vmlinuz-4.8.0-rc5-eudyptula-00075-gd71f058-dirty root=UUID=dd21d577-fd5c-4fc0-89c8-0d93fe5c484b ro quiet splash vt.handoff=7
> [    0.000000] KERNEL supported cpus:
> [    0.000000]   Intel GenuineIntel
> [    0.000000]   AMD AuthenticAMD
> [    0.000000]   Centaur CentaurHauls
> [    0.000000] x86/fpu: Supporting XSAVE feature 0x001: 'x87 floating point registers'
> [    0.000000] x86/fpu: Supporting XSAVE feature 0x002: 'SSE registers'
> [    0.000000] x86/fpu: Supporting XSAVE feature 0x004: 'AVX registers'
> [    0.000000] x86/fpu: xstate_offset[2]:  576, xstate_sizes[2]:  256


Congratulations on passing this task!

Your next task will be sent to you soon.  If it does not show up in your
inbox in 2-3 hours, please email and let me know, the scripts act up
sometimes and need to be prodded.
	
Click here to Reply or Forward
0.83 GB (5%) of 15 GB used
Manage
Terms - Privacy
Last account activity: 33 minutes ago
Details
Little Penguin
Add to circles

Show details

[    0.000000] Linux version 4.7.0 (root@mohsins-PC) (gcc version 4.8.4 (Ubuntu 4.8.4-2ubuntu1~14.04.3) ) #1 SMP Sun Aug 21 20:10:58 PKT 2016
[    0.000000] Command line: BOOT_IMAGE=/boot/vmlinuz-4.7.0 root=UUID=dd21d577-fd5c-4fc0-89c8-0d93fe5c484b ro quiet splash vt.handoff=7
[    0.000000] KERNEL supported cpus:
[    0.000000]   Intel GenuineIntel
[    0.000000]   AMD AuthenticAMD
[    0.000000]   Centaur CentaurHauls
[    0.000000] x86/fpu: xstate_offset[2]:  576, xstate_sizes[2]:  256
[    0.000000] x86/fpu: Supporting XSAVE feature 0x001: 'x87 floating point registers'
[    0.000000] x86/fpu: Supporting XSAVE feature 0x002: 'SSE registers'
[    0.000000] x86/fpu: Supporting XSAVE feature 0x004: 'AVX registers'
[    0.000000] x86/fpu: Enabled xstate features 0x7, context size is 832 bytes, using 'standard' format.
[    0.000000] x86/fpu: Using 'eager' FPU context switches.
[    0.000000] e820: BIOS-provided physical RAM map:
[    0.000000] BIOS-e820: [mem 0x0000000000000000-0x000000000009d3ff] usable
[    0.000000] BIOS-e820: [mem 0x000000000009d400-0x000000000009ffff] reserved
[    0.000000] BIOS-e820: [mem 0x00000000000e0000-0x00000000000fffff] reserved
[    0.000000] BIOS-e820: [mem 0x0000000000100000-0x000000001fffffff] usable
[    0.000000] BIOS-e820: [mem 0x0000000020000000-0x00000000201fffff] reserved
[    0.000000] BIOS-e820: [mem 0x0000000020200000-0x000000003a3befff] usable
[    0.000000] BIOS-e820: [mem 0x000000003a3bf000-0x000000003aebefff] reserved
[    0.000000] BIOS-e820: [mem 0x000000003aebf000-0x000000003afbefff] ACPI NVS
[    0.000000] BIOS-e820: [mem 0x000000003afbf000-0x000000003affefff] ACPI data
[    0.000000] BIOS-e820: [mem 0x000000003afff000-0x000000003affffff] usable
[    0.000000] BIOS-e820: [mem 0x000000003b000000-0x000000003f9fffff] reserved
[    0.000000] BIOS-e820: [mem 0x00000000e0000000-0x00000000efffffff] reserved
[    0.000000] BIOS-e820: [mem 0x00000000feb00000-0x00000000feb03fff] reserved
[    0.000000] BIOS-e820: [mem 0x00000000fec00000-0x00000000fec00fff] reserved
[    0.000000] BIOS-e820: [mem 0x00000000fed10000-0x00000000fed19fff] reserved
[    0.000000] BIOS-e820: [mem 0x00000000fed1c000-0x00000000fed1ffff] reserved
[    0.000000] BIOS-e820: [mem 0x00000000fee00000-0x00000000fee00fff] reserved
[    0.000000] BIOS-e820: [mem 0x00000000ffd00000-0x00000000ffffffff] reserved
[    0.000000] BIOS-e820: [mem 0x0000000100000000-0x000000023f5fffff] usable
[    0.000000] NX (Execute Disable) protection: active
[    0.000000] SMBIOS 2.7 present.
[    0.000000] DMI: Hewlett-Packard HP 1000 Notebook PC/1854, BIOS F.22 10/25/2012
[    0.000000] e820: update [mem 0x00000000-0x00000fff] usable ==> reserved
[    0.000000] e820: remove [mem 0x000a0000-0x000fffff] usable
[    0.000000] e820: last_pfn = 0x23f600 max_arch_pfn = 0x400000000
[    0.000000] MTRR default type: uncachable
[    0.000000] MTRR fixed ranges enabled:
[    0.000000]   00000-9FFFF write-back
[    0.000000]   A0000-BFFFF uncachable
[    0.000000]   C0000-E7FFF write-protect
[    0.000000]   E8000-EFFFF write-combining
[    0.000000]   F0000-FFFFF write-protect
[    0.000000] MTRR variable ranges enabled:
[    0.000000]   0 base 000000000 mask FC0000000 write-back
[    0.000000]   1 base 03B000000 mask FFF000000 uncachable
[    0.000000]   2 base 03C000000 mask FFC000000 uncachable
[    0.000000]   3 base 0FFC00000 mask FFFC00000 write-protect
[    0.000000]   4 base 100000000 mask F00000000 write-back
[    0.000000]   5 base 200000000 mask FC0000000 write-back
[    0.000000]   6 base 23F600000 mask FFFE00000 uncachable
[    0.000000]   7 base 23F800000 mask FFF800000 uncachable
[    0.000000]   8 disabled
[    0.000000]   9 disabled
[    0.000000] x86/PAT: Configuration [0-7]: WB  WC  UC- UC  WB  WC  UC- WT  
[    0.000000] e820: last_pfn = 0x3b000 max_arch_pfn = 0x400000000
[    0.000000] found SMP MP-table at [mem 0x000fe1b0-0x000fe1bf] mapped at [ffff8800000fe1b0]
[    0.000000] Scanning 1 areas for low memory corruption
[    0.000000] Base memory trampoline at [ffff880000097000] 97000 size 24576
[    0.000000] reserving inaccessible SNB gfx pages
[    0.000000] BRK [0x02004000, 0x02004fff] PGTABLE
[    0.000000] BRK [0x02005000, 0x02005fff] PGTABLE
[    0.000000] BRK [0x02006000, 0x02006fff] PGTABLE
[    0.000000] BRK [0x02007000, 0x02007fff] PGTABLE
[    0.000000] BRK [0x02008000, 0x02008fff] PGTABLE
[    0.000000] BRK [0x02009000, 0x02009fff] PGTABLE
[    0.000000] RAMDISK: [mem 0x3762e000-0x37b0efff]
[    0.000000] ACPI: Early table checksum verification disabled
[    0.000000] ACPI: RSDP 0x00000000000FE020 000024 (v02 HPQOEM)
[    0.000000] ACPI: XSDT 0x000000003AFFE120 000094 (v01 HPQOEM SLIC-MPC 00000001 HP   01000013)
[    0.000000] ACPI: FACP 0x000000003AFFB000 00010C (v05 HPQOEM SLIC-MPC 00000001 HP   00040000)
[    0.000000] ACPI: DSDT 0x000000003AFE8000 00F9D8 (v01 HPQOEM 1854     00000000 ACPI 00040000)
[    0.000000] ACPI: FACS 0x000000003AFBA000 000040
[    0.000000] ACPI: UEFI 0x000000003AFFD000 000236 (v01 HPQOEM 1854     00000001 HP   00040000)
[    0.000000] ACPI: ASF! 0x000000003AFFC000 0000A5 (v32 HPQOEM 1854     00000001 HP   00040000)
[    0.000000] ACPI: HPET 0x000000003AFFA000 000038 (v01 HPQOEM 1854     00000001 HP   00040000)
[    0.000000] ACPI: APIC 0x000000003AFF9000 00008C (v03 HPQOEM 1854     00000001 HP   00040000)
[    0.000000] ACPI: MCFG 0x000000003AFF8000 00003C (v01 HPQOEM 1854     00000001 HP   00040000)
[    0.000000] ACPI: SLIC 0x000000003AFE7000 000176 (v01 HPQOEM SLIC-MPC 00000001 HP   00040000)
[    0.000000] ACPI: SSDT 0x000000003AFE5000 001066 (v01 HPQOEM 1854     00001000 ACPI 00040000)
[    0.000000] ACPI: BOOT 0x000000003AFE3000 000028 (v01 HPQOEM 1854     00000001 HP   00040000)
[    0.000000] ACPI: ASPT 0x000000003AFE1000 000034 (v07 HPQOEM 1854     00000001 HP   00040000)
[    0.000000] ACPI: DBGP 0x000000003AFE0000 000034 (v01 HPQOEM 1854     00000001 HP   00040000)
[    0.000000] ACPI: FPDT 0x000000003AFDE000 000044 (v01 HPQOEM 1854     00000001 HP   00040000)
[    0.000000] ACPI: SSDT 0x000000003AFDC000 0009AA (v01 HPQOEM 1854     00003000 ACPI 00040000)
[    0.000000] ACPI: SSDT 0x000000003AFDB000 000B22 (v01 HPQOEM 1854     00003000 ACPI 00040000)
[    0.000000] ACPI: Local APIC address 0xfee00000
[    0.000000] No NUMA configuration found
[    0.000000] Faking a node at [mem 0x0000000000000000-0x000000023f5fffff]
[    0.000000] NODE_DATA(0) allocated [mem 0x23f5f8000-0x23f5fbfff]
[    0.000000] Zone ranges:
[    0.000000]   DMA      [mem 0x0000000000001000-0x0000000000ffffff]
[    0.000000]   DMA32    [mem 0x0000000001000000-0x00000000ffffffff]
[    0.000000]   Normal   [mem 0x0000000100000000-0x000000023f5fffff]
[    0.000000] Movable zone start for each node
[    0.000000] Early memory node ranges
[    0.000000]   node   0: [mem 0x0000000000001000-0x000000000009cfff]
[    0.000000]   node   0: [mem 0x0000000000100000-0x000000001fffffff]
[    0.000000]   node   0: [mem 0x0000000020200000-0x000000003a3befff]
[    0.000000]   node   0: [mem 0x000000003afff000-0x000000003affffff]
[    0.000000]   node   0: [mem 0x0000000100000000-0x000000023f5fffff]
[    0.000000] Initmem setup node 0 [mem 0x0000000000001000-0x000000023f5fffff]
[    0.000000] On node 0 totalpages: 1546076
[    0.000000]   DMA zone: 64 pages used for memmap
[    0.000000]   DMA zone: 156 pages reserved
[    0.000000]   DMA zone: 3996 pages, LIFO batch:0
[    0.000000]   DMA32 zone: 3655 pages used for memmap
[    0.000000]   DMA32 zone: 233920 pages, LIFO batch:31
[    0.000000]   Normal zone: 20440 pages used for memmap
[    0.000000]   Normal zone: 1308160 pages, LIFO batch:31
[    0.000000] Reserving Intel graphics stolen memory at 0x3ba00000-0x3f9fffff
[    0.000000] ACPI: PM-Timer IO Port: 0x408
[    0.000000] ACPI: Local APIC address 0xfee00000
[    0.000000] IOAPIC[0]: apic_id 0, version 32, address 0xfec00000, GSI 0-23
[    0.000000] ACPI: INT_SRC_OVR (bus 0 bus_irq 0 global_irq 2 dfl dfl)
[    0.000000] ACPI: INT_SRC_OVR (bus 0 bus_irq 9 global_irq 9 high level)
[    0.000000] ACPI: IRQ0 used by override.
[    0.000000] ACPI: IRQ9 used by override.
[    0.000000] Using ACPI (MADT) for SMP configuration information
[    0.000000] ACPI: HPET id: 0x8086a201 base: 0xfed00000
[    0.000000] smpboot: Allowing 8 CPUs, 4 hotplug CPUs
[    0.000000] PM: Registered nosave memory: [mem 0x00000000-0x00000fff]
[    0.000000] PM: Registered nosave memory: [mem 0x0009d000-0x0009dfff]
[    0.000000] PM: Registered nosave memory: [mem 0x0009e000-0x0009ffff]
[    0.000000] PM: Registered nosave memory: [mem 0x000a0000-0x000dffff]
[    0.000000] PM: Registered nosave memory: [mem 0x000e0000-0x000fffff]
[    0.000000] PM: Registered nosave memory: [mem 0x20000000-0x201fffff]
[    0.000000] PM: Registered nosave memory: [mem 0x3a3bf000-0x3aebefff]
[    0.000000] PM: Registered nosave memory: [mem 0x3aebf000-0x3afbefff]
[    0.000000] PM: Registered nosave memory: [mem 0x3afbf000-0x3affefff]
[    0.000000] PM: Registered nosave memory: [mem 0x3b000000-0x3f9fffff]
[    0.000000] PM: Registered nosave memory: [mem 0x3fa00000-0xdfffffff]
[    0.000000] PM: Registered nosave memory: [mem 0xe0000000-0xefffffff]
[    0.000000] PM: Registered nosave memory: [mem 0xf0000000-0xfeafffff]
[    0.000000] PM: Registered nosave memory: [mem 0xfeb00000-0xfeb03fff]
[    0.000000] PM: Registered nosave memory: [mem 0xfeb04000-0xfebfffff]
[    0.000000] PM: Registered nosave memory: [mem 0xfec00000-0xfec00fff]
[    0.000000] PM: Registered nosave memory: [mem 0xfec01000-0xfed0ffff]
[    0.000000] PM: Registered nosave memory: [mem 0xfed10000-0xfed19fff]
[    0.000000] PM: Registered nosave memory: [mem 0xfed1a000-0xfed1bfff]
[    0.000000] PM: Registered nosave memory: [mem 0xfed1c000-0xfed1ffff]
[    0.000000] PM: Registered nosave memory: [mem 0xfed20000-0xfedfffff]
[    0.000000] PM: Registered nosave memory: [mem 0xfee00000-0xfee00fff]
[    0.000000] PM: Registered nosave memory: [mem 0xfee01000-0xffcfffff]
[    0.000000] PM: Registered nosave memory: [mem 0xffd00000-0xffffffff]
[    0.000000] e820: [mem 0x3fa00000-0xdfffffff] available for PCI devices
[    0.000000] Booting paravirtualized kernel on bare hardware
[    0.000000] clocksource: refined-jiffies: mask: 0xffffffff max_cycles: 0xffffffff, max_idle_ns: 7645519600211568 ns
[    0.000000] setup_percpu: NR_CPUS:256 nr_cpumask_bits:256 nr_cpu_ids:8 nr_node_ids:1
[    0.000000] percpu: Embedded 35 pages/cpu @ffff88023f200000 s102680 r8192 d32488 u262144
[    0.000000] pcpu-alloc: s102680 r8192 d32488 u262144 alloc=1*2097152
[    0.000000] pcpu-alloc: [0] 0 1 2 3 4 5 6 7 
[    0.000000] Built 1 zonelists in Node order, mobility grouping on.  Total pages: 1521761
[    0.000000] Policy zone: Normal
[    0.000000] Kernel command line: BOOT_IMAGE=/boot/vmlinuz-4.7.0 root=UUID=dd21d577-fd5c-4fc0-89c8-0d93fe5c484b ro quiet splash vt.handoff=7
[    0.000000] PID hash table entries: 4096 (order: 3, 32768 bytes)
[    0.000000] Calgary: detecting Calgary via BIOS EBDA area
[    0.000000] Calgary: Unable to locate Rio Grande table in EBDA - bailing!
[    0.000000] Memory: 5996500K/6184304K available (7908K kernel code, 1260K rwdata, 3460K rodata, 1512K init, 1296K bss, 187804K reserved, 0K cma-reserved)
[    0.000000] SLUB: HWalign=64, Order=0-3, MinObjects=0, CPUs=8, Nodes=1
[    0.000000] Hierarchical RCU implementation.
[    0.000000] 	Build-time adjustment of leaf fanout to 64.
[    0.000000] 	RCU restricting CPUs from NR_CPUS=256 to nr_cpu_ids=8.
[    0.000000] RCU: Adjusting geometry for rcu_fanout_leaf=64, nr_cpu_ids=8
[    0.000000] NR_IRQS:16640 nr_irqs:488 16
[    0.000000] 	Offload RCU callbacks from all CPUs
[    0.000000] 	Offload RCU callbacks from CPUs: 0-7.
[    0.000000] Console: colour dummy device 80x25
[    0.000000] console [tty0] enabled
[    0.000000] clocksource: hpet: mask: 0xffffffff max_cycles: 0xffffffff, max_idle_ns: 133484882848 ns
[    0.000000] hpet clockevent registered
[    0.000000] tsc: Fast TSC calibration using PIT
[    0.000000] tsc: Detected 2394.428 MHz processor
[    0.000027] Calibrating delay loop (skipped), value calculated using timer frequency.. 4788.85 BogoMIPS (lpj=9577712)
[    0.000030] pid_max: default: 32768 minimum: 301
[    0.000036] ACPI: Core revision 20160422
[    0.009015] ACPI: 4 ACPI AML tables successfully acquired and loaded
[    0.009017] 
[    0.009037] Security Framework initialized
[    0.009039] Yama: becoming mindful.
[    0.009046] AppArmor: AppArmor initialized
[    0.009526] Dentry cache hash table entries: 1048576 (order: 11, 8388608 bytes)
[    0.011136] Inode-cache hash table entries: 524288 (order: 10, 4194304 bytes)
[    0.011843] Mount-cache hash table entries: 16384 (order: 5, 131072 bytes)
[    0.011853] Mountpoint-cache hash table entries: 16384 (order: 5, 131072 bytes)
[    0.012108] CPU: Physical Processor ID: 0
[    0.012109] CPU: Processor Core ID: 0
[    0.012114] ENERGY_PERF_BIAS: Set to 'normal', was 'performance'
[    0.012115] ENERGY_PERF_BIAS: View and update with x86_energy_perf_policy(8)
[    0.012117] mce: CPU supports 7 MCE banks
[    0.012125] CPU0: Thermal monitoring enabled (TM1)
[    0.012135] process: using mwait in idle threads
[    0.012138] Last level iTLB entries: 4KB 512, 2MB 8, 4MB 8
[    0.012139] Last level dTLB entries: 4KB 512, 2MB 32, 4MB 32, 1GB 0
[    0.012578] Freeing SMP alternatives memory: 28K (ffffffff81eb7000 - ffffffff81ebe000)
[    0.049159] ftrace: allocating 31143 entries in 122 pages
[    0.064495] smpboot: Max logical packages: 4
[    0.064498] smpboot: APIC(0) Converting physical 0 to logical package 0
[    0.064573] x2apic: IRQ remapping doesn't support X2APIC mode
[    0.064987] ..TIMER: vector=0x30 apic1=0 pin1=2 apic2=-1 pin2=-1
[    0.104676] TSC deadline timer enabled
[    0.104680] smpboot: CPU0: Intel(R) Core(TM) i3-2370M CPU @ 2.40GHz (family: 0x6, model: 0x2a, stepping: 0x7)
[    0.104684] Performance Events: PEBS fmt1+, 16-deep LBR, SandyBridge events, full-width counters, Intel PMU driver.
[    0.104709] ... version:                3
[    0.104710] ... bit width:              48
[    0.104711] ... generic registers:      4
[    0.104712] ... value mask:             0000ffffffffffff
[    0.104713] ... max period:             0000ffffffffffff
[    0.104714] ... fixed-purpose events:   3
[    0.104715] ... event mask:             000000070000000f
[    0.105460] NMI watchdog: enabled on all CPUs, permanently consumes one hw-PMU counter.
[    0.105562] x86: Booting SMP configuration:
[    0.105563] .... node  #0, CPUs:      #1 #2 #3
[    0.346813] x86: Booted up 1 node, 4 CPUs
[    0.346817] smpboot: Total of 4 processors activated (19158.77 BogoMIPS)
[    0.350097] devtmpfs: initialized
[    0.350160] x86/mm: Memory block size: 128MB
[    0.353887] evm: security.selinux
[    0.353889] evm: security.SMACK64
[    0.353890] evm: security.SMACK64EXEC
[    0.353891] evm: security.SMACK64TRANSMUTE
[    0.353891] evm: security.SMACK64MMAP
[    0.353892] evm: security.ima
[    0.353893] evm: security.capability
[    0.353954] PM: Registering ACPI NVS region [mem 0x3aebf000-0x3afbefff] (1048576 bytes)
[    0.354032] clocksource: jiffies: mask: 0xffffffff max_cycles: 0xffffffff, max_idle_ns: 7645041785100000 ns
[    0.354066] pinctrl core: initialized pinctrl subsystem
[    0.354193] RTC time: 16:38:20, date: 09/03/16
[    0.354266] NET: Registered protocol family 16
[    0.358824] cpuidle: using governor ladder
[    0.362825] cpuidle: using governor menu
[    0.362917] Simple Boot Flag at 0x44 set to 0x1
[    0.362953] ACPI FADT declares the system doesn't support PCIe ASPM, so disable it
[    0.362955] ACPI: bus type PCI registered
[    0.362956] acpiphp: ACPI Hot Plug PCI Controller Driver version: 0.5
[    0.363013] PCI: MMCONFIG for domain 0000 [bus 00-ff] at [mem 0xe0000000-0xefffffff] (base 0xe0000000)
[    0.363015] PCI: MMCONFIG at [mem 0xe0000000-0xefffffff] reserved in E820
[    0.363026] PCI: Using configuration type 1 for base access
[    0.363064] core: PMU erratum BJ122, BV98, HSD29 worked around, HT is on
[    0.363248] mtrr: your CPUs had inconsistent variable MTRR settings
[    0.363249] mtrr: probably your BIOS does not setup all CPUs.
[    0.363250] mtrr: corrected configuration.
[    0.367016] HugeTLB registered 2 MB page size, pre-allocated 0 pages
[    0.367221] ACPI: Added _OSI(Module Device)
[    0.367222] ACPI: Added _OSI(Processor Device)
[    0.367223] ACPI: Added _OSI(3.0 _SCP Extensions)
[    0.367225] ACPI: Added _OSI(Processor Aggregator Device)
[    0.367386] ACPI: Executed 1 blocks of module-level executable AML code
[    0.371294] ACPI: [Firmware Bug]: BIOS _OSI(Linux) query ignored
[    0.371675] ACPI: Dynamic OEM Table Load:
[    0.371684] ACPI: SSDT 0xFFFF880237602000 00083B (v01 PmRef  Cpu0Cst  00003001 INTL 20111123)
[    0.372239] ACPI: Dynamic OEM Table Load:
[    0.372245] ACPI: SSDT 0xFFFF88023755AC00 000303 (v01 PmRef  ApIst    00003000 INTL 20111123)
[    0.372725] ACPI: Dynamic OEM Table Load:
[    0.372730] ACPI: SSDT 0xFFFF8802374F7C00 000119 (v01 PmRef  ApCst    00003000 INTL 20111123)
[    0.373611] ACPI : EC: EC started
[    1.042496] ACPI: Interpreter enabled
[    1.042519] ACPI: (supports S0 S3 S4 S5)
[    1.042521] ACPI: Using IOAPIC for interrupt routing
[    1.042547] PCI: Using host bridge windows from ACPI; if necessary, use "pci=nocrs" and report a bug
[    1.047432] ACPI: Power Resource [FN00] (on)
[    1.048056] ACPI: PCI Root Bridge [PCI0] (domain 0000 [bus 00-fe])
[    1.048061] acpi PNP0A08:00: _OSC: OS supports [ExtendedConfig ASPM ClockPM Segments MSI]
[    1.048123] \_SB_.PCI0 (33DB4D5B-1FF7-401C-9657-7441C03DD766): _OSC invalid UUID
[    1.048124] _OSC request data: 1 1f 0
[    1.048128] acpi PNP0A08:00: _OSC failed (AE_ERROR); disabling ASPM
[    1.048547] PCI host bridge to bus 0000:00
[    1.048550] pci_bus 0000:00: root bus resource [io  0x0000-0x0cf7 window]
[    1.048552] pci_bus 0000:00: root bus resource [io  0x0d00-0xffff window]
[    1.048553] pci_bus 0000:00: root bus resource [mem 0x000a0000-0x000bffff window]
[    1.048555] pci_bus 0000:00: root bus resource [mem 0x3fa00000-0xfeafffff window]
[    1.048557] pci_bus 0000:00: root bus resource [bus 00-fe]
[    1.048564] pci 0000:00:00.0: [8086:0104] type 00 class 0x060000
[    1.048651] pci 0000:00:02.0: [8086:0116] type 00 class 0x030000
[    1.048661] pci 0000:00:02.0: reg 0x10: [mem 0x52000000-0x523fffff 64bit]
[    1.048667] pci 0000:00:02.0: reg 0x18: [mem 0x40000000-0x4fffffff 64bit pref]
[    1.048671] pci 0000:00:02.0: reg 0x20: [io  0x4000-0x403f]
[    1.048790] pci 0000:00:16.0: [8086:1e3a] type 00 class 0x078000
[    1.048812] pci 0000:00:16.0: reg 0x10: [mem 0x52604000-0x5260400f 64bit]
[    1.048889] pci 0000:00:16.0: PME# supported from D0 D3hot D3cold
[    1.048971] pci 0000:00:1a.0: [8086:1e2d] type 00 class 0x0c0320
[    1.048990] pci 0000:00:1a.0: reg 0x10: [mem 0x52609000-0x526093ff]
[    1.049078] pci 0000:00:1a.0: PME# supported from D0 D3hot D3cold
[    1.049129] pci 0000:00:1a.0: System wakeup disabled by ACPI
[    1.049172] pci 0000:00:1b.0: [8086:1e20] type 00 class 0x040300
[    1.049189] pci 0000:00:1b.0: reg 0x10: [mem 0x52600000-0x52603fff 64bit]
[    1.049264] pci 0000:00:1b.0: PME# supported from D0 D3hot D3cold
[    1.049306] pci 0000:00:1b.0: System wakeup disabled by ACPI
[    1.049347] pci 0000:00:1c.0: [8086:1e10] type 01 class 0x060400
[    1.049427] pci 0000:00:1c.0: PME# supported from D0 D3hot D3cold
[    1.049470] pci 0000:00:1c.0: System wakeup disabled by ACPI
[    1.049510] pci 0000:00:1c.2: [8086:1e14] type 01 class 0x060400
[    1.049588] pci 0000:00:1c.2: PME# supported from D0 D3hot D3cold
[    1.049630] pci 0000:00:1c.2: System wakeup disabled by ACPI
[    1.049669] pci 0000:00:1c.3: [8086:1e16] type 01 class 0x060400
[    1.049747] pci 0000:00:1c.3: PME# supported from D0 D3hot D3cold
[    1.049790] pci 0000:00:1c.3: System wakeup disabled by ACPI
[    1.049833] pci 0000:00:1d.0: [8086:1e26] type 00 class 0x0c0320
[    1.049852] pci 0000:00:1d.0: reg 0x10: [mem 0x52608000-0x526083ff]
[    1.049939] pci 0000:00:1d.0: PME# supported from D0 D3hot D3cold
[    1.049989] pci 0000:00:1d.0: System wakeup disabled by ACPI
[    1.050030] pci 0000:00:1f.0: [8086:1e5d] type 00 class 0x060100
[    1.050201] pci 0000:00:1f.2: [8086:1e03] type 00 class 0x010601
[    1.050217] pci 0000:00:1f.2: reg 0x10: [io  0x4088-0x408f]
[    1.050226] pci 0000:00:1f.2: reg 0x14: [io  0x4094-0x4097]
[    1.050234] pci 0000:00:1f.2: reg 0x18: [io  0x4080-0x4087]
[    1.050242] pci 0000:00:1f.2: reg 0x1c: [io  0x4090-0x4093]
[    1.050251] pci 0000:00:1f.2: reg 0x20: [io  0x4060-0x407f]
[    1.050259] pci 0000:00:1f.2: reg 0x24: [mem 0x52607000-0x526077ff]
[    1.050302] pci 0000:00:1f.2: PME# supported from D3hot
[    1.050376] pci 0000:00:1f.3: [8086:1e22] type 00 class 0x0c0500
[    1.050393] pci 0000:00:1f.3: reg 0x10: [mem 0x52605000-0x526050ff 64bit]
[    1.050415] pci 0000:00:1f.3: reg 0x20: [io  0x4040-0x405f]
[    1.050592] pci 0000:01:00.0: [1814:539a] type 00 class 0x028000
[    1.050616] pci 0000:01:00.0: reg 0x10: [mem 0x52500000-0x5250ffff]
[    1.050821] pci 0000:01:00.0: System wakeup disabled by ACPI
[    1.058424] pci 0000:00:1c.0: PCI bridge to [bus 01]
[    1.058439] pci 0000:00:1c.0:   bridge window [mem 0x52500000-0x525fffff]
[    1.058625] pci 0000:02:00.0: [10ec:5229] type 00 class 0xff0000
[    1.058700] pci 0000:02:00.0: reg 0x10: [mem 0x51000000-0x51000fff]
[    1.059214] pci 0000:02:00.0: supports D1 D2
[    1.059216] pci 0000:02:00.0: PME# supported from D1 D2 D3hot
[    1.059322] pci 0000:02:00.0: System wakeup disabled by ACPI
[    1.066447] pci 0000:00:1c.2: PCI bridge to [bus 02-07]
[    1.066457] pci 0000:00:1c.2:   bridge window [io  0x3000-0x3fff]
[    1.066466] pci 0000:00:1c.2:   bridge window [mem 0x51000000-0x51ffffff]
[    1.066481] pci 0000:00:1c.2:   bridge window [mem 0x50000000-0x50ffffff 64bit pref]
[    1.066583] pci 0000:08:00.0: [10ec:8136] type 00 class 0x020000
[    1.066608] pci 0000:08:00.0: reg 0x10: [io  0x2000-0x20ff]
[    1.066642] pci 0000:08:00.0: reg 0x18: [mem 0x52404000-0x52404fff 64bit pref]
[    1.066665] pci 0000:08:00.0: reg 0x20: [mem 0x52400000-0x52403fff 64bit pref]
[    1.066777] pci 0000:08:00.0: supports D1 D2
[    1.066779] pci 0000:08:00.0: PME# supported from D0 D1 D2 D3hot D3cold
[    1.066826] pci 0000:08:00.0: System wakeup disabled by ACPI
[    1.074419] pci 0000:00:1c.3: PCI bridge to [bus 08]
[    1.074429] pci 0000:00:1c.3:   bridge window [io  0x2000-0x2fff]
[    1.074447] pci 0000:00:1c.3:   bridge window [mem 0x52400000-0x524fffff 64bit pref]
[    1.074911] ACPI: PCI Interrupt Link [LNKA] (IRQs 1 3 4 5 6 10 11 12 14 15) *7
[    1.074963] ACPI: PCI Interrupt Link [LNKB] (IRQs 1 3 4 5 6 10 *11 12 14 15)
[    1.075012] ACPI: PCI Interrupt Link [LNKC] (IRQs 1 3 4 5 6 10 *11 12 14 15)
[    1.075060] ACPI: PCI Interrupt Link [LNKD] (IRQs 1 3 4 5 6 *10 11 12 14 15)
[    1.075108] ACPI: PCI Interrupt Link [LNKE] (IRQs 1 3 4 5 6 10 11 12 14 15) *0, disabled.
[    1.075156] ACPI: PCI Interrupt Link [LNKF] (IRQs 1 3 4 5 6 *10 11 12 14 15)
[    1.075204] ACPI: PCI Interrupt Link [LNKG] (IRQs 1 3 4 5 6 *10 11 12 14 15)
[    1.075251] ACPI: PCI Interrupt Link [LNKH] (IRQs 1 3 4 5 6 10 11 12 14 15) *7
[    1.075537] ACPI: Enabled 4 GPEs in block 00 to 3F
[    1.075562] ACPI : EC: EC stopped
[    1.075600] ACPI : EC: GPE = 0x17, I/O: command/status = 0x66, data = 0x62
[    1.075601] ACPI : EC: EC started
[    1.747157] vgaarb: setting as boot device: PCI:0000:00:02.0
[    1.747159] vgaarb: device added: PCI:0000:00:02.0,decodes=io+mem,owns=io+mem,locks=none
[    1.747162] vgaarb: loaded
[    1.747163] vgaarb: bridge control possible 0000:00:02.0
[    1.747301] SCSI subsystem initialized
[    1.747352] libata version 3.00 loaded.
[    1.747370] ACPI: bus type USB registered
[    1.747387] usbcore: registered new interface driver usbfs
[    1.747396] usbcore: registered new interface driver hub
[    1.747413] usbcore: registered new device driver usb
[    1.747513] PCI: Using ACPI for IRQ routing
[    1.755141] PCI: pci_cache_line_size set to 64 bytes
[    1.755247] e820: reserve RAM buffer [mem 0x0009d400-0x0009ffff]
[    1.755249] e820: reserve RAM buffer [mem 0x3a3bf000-0x3bffffff]
[    1.755250] e820: reserve RAM buffer [mem 0x3b000000-0x3bffffff]
[    1.755252] e820: reserve RAM buffer [mem 0x23f600000-0x23fffffff]
[    1.755344] NetLabel: Initializing
[    1.755345] NetLabel:  domain hash size = 128
[    1.755346] NetLabel:  protocols = UNLABELED CIPSOv4
[    1.755358] NetLabel:  unlabeled traffic allowed by default
[    1.755443] hpet0: at MMIO 0xfed00000, IRQs 2, 8, 0, 0, 0, 0, 0, 0
[    1.755448] hpet0: 8 comparators, 64-bit 14.318180 MHz counter
[    1.757461] amd_nb: Cannot enumerate AMD northbridges
[    1.757473] clocksource: Switched to clocksource hpet
[    1.763151] VFS: Disk quotas dquot_6.6.0
[    1.763171] VFS: Dquot-cache hash table entries: 512 (order 0, 4096 bytes)
[    1.763233] AppArmor: AppArmor Filesystem Enabled
[    1.763282] pnp: PnP ACPI init
[    1.763423] system 00:00: [io  0x0680-0x069f] has been reserved
[    1.763426] system 00:00: [io  0x1000-0x100f] has been reserved
[    1.763428] system 00:00: [io  0xffff] has been reserved
[    1.763429] system 00:00: [io  0xffff] has been reserved
[    1.763431] system 00:00: [io  0x0400-0x0453] has been reserved
[    1.763433] system 00:00: [io  0x0458-0x047f] has been reserved
[    1.763435] system 00:00: [io  0x0700-0x077f] has been reserved
[    1.763436] system 00:00: [io  0x0500-0x0501] has been reserved
[    1.763440] system 00:00: Plug and Play ACPI device, IDs PNP0c02 (active)
[    1.763468] pnp 00:01: Plug and Play ACPI device, IDs PNP0b00 (active)
[    1.763516] system 00:02: [io  0x0454-0x0457] has been reserved
[    1.763519] system 00:02: Plug and Play ACPI device, IDs INT3f0d PNP0c02 (active)
[    1.763548] pnp 00:03: Plug and Play ACPI device, IDs HPQ8001 PNP0303 (active)
[    1.763576] pnp 00:04: Plug and Play ACPI device, IDs SYN1e6a SYN1e00 SYN0002 PNP0f13 (active)
[    1.763685] system 00:05: [mem 0xfed1c000-0xfed1ffff] has been reserved
[    1.763687] system 00:05: [mem 0xfed10000-0xfed17fff] has been reserved
[    1.763689] system 00:05: [mem 0xfed18000-0xfed18fff] has been reserved
[    1.763691] system 00:05: [mem 0xfed19000-0xfed19fff] has been reserved
[    1.763692] system 00:05: [mem 0xe0000000-0xefffffff] has been reserved
[    1.763694] system 00:05: [mem 0xfed20000-0xfed3ffff] has been reserved
[    1.763696] system 00:05: [mem 0xfed90000-0xfed93fff] has been reserved
[    1.763698] system 00:05: [mem 0xff000000-0xffffffff] could not be reserved
[    1.763700] system 00:05: [mem 0xfee00000-0xfeefffff] could not be reserved
[    1.763702] system 00:05: [mem 0x3fa00000-0x3fa00fff] has been reserved
[    1.763704] system 00:05: Plug and Play ACPI device, IDs PNP0c02 (active)
[    1.763961] pnp 00:06: disabling [mem 0x40000000-0x401fffff] because it overlaps 0000:00:02.0 BAR 2 [mem 0x40000000-0x4fffffff 64bit pref]
[    1.763986] system 00:06: [mem 0x20000000-0x201fffff] has been reserved
[    1.763989] system 00:06: Plug and Play ACPI device, IDs PNP0c01 (active)
[    1.764005] pnp: PnP ACPI: found 7 devices
[    1.770299] clocksource: acpi_pm: mask: 0xffffff max_cycles: 0xffffff, max_idle_ns: 2085701024 ns
[    1.770331] pci 0000:00:1c.0: PCI bridge to [bus 01]
[    1.770338] pci 0000:00:1c.0:   bridge window [mem 0x52500000-0x525fffff]
[    1.770347] pci 0000:00:1c.2: PCI bridge to [bus 02-07]
[    1.770350] pci 0000:00:1c.2:   bridge window [io  0x3000-0x3fff]
[    1.770355] pci 0000:00:1c.2:   bridge window [mem 0x51000000-0x51ffffff]
[    1.770360] pci 0000:00:1c.2:   bridge window [mem 0x50000000-0x50ffffff 64bit pref]
[    1.770366] pci 0000:00:1c.3: PCI bridge to [bus 08]
[    1.770369] pci 0000:00:1c.3:   bridge window [io  0x2000-0x2fff]
[    1.770377] pci 0000:00:1c.3:   bridge window [mem 0x52400000-0x524fffff 64bit pref]
[    1.770384] pci_bus 0000:00: resource 4 [io  0x0000-0x0cf7 window]
[    1.770386] pci_bus 0000:00: resource 5 [io  0x0d00-0xffff window]
[    1.770388] pci_bus 0000:00: resource 6 [mem 0x000a0000-0x000bffff window]
[    1.770389] pci_bus 0000:00: resource 7 [mem 0x3fa00000-0xfeafffff window]
[    1.770391] pci_bus 0000:01: resource 1 [mem 0x52500000-0x525fffff]
[    1.770393] pci_bus 0000:02: resource 0 [io  0x3000-0x3fff]
[    1.770394] pci_bus 0000:02: resource 1 [mem 0x51000000-0x51ffffff]
[    1.770396] pci_bus 0000:02: resource 2 [mem 0x50000000-0x50ffffff 64bit pref]
[    1.770398] pci_bus 0000:08: resource 0 [io  0x2000-0x2fff]
[    1.770399] pci_bus 0000:08: resource 2 [mem 0x52400000-0x524fffff 64bit pref]
[    1.770422] NET: Registered protocol family 2
[    1.770556] TCP established hash table entries: 65536 (order: 7, 524288 bytes)
[    1.770689] TCP bind hash table entries: 65536 (order: 8, 1048576 bytes)
[    1.770820] TCP: Hash tables configured (established 65536 bind 65536)
[    1.770847] UDP hash table entries: 4096 (order: 5, 131072 bytes)
[    1.770874] UDP-Lite hash table entries: 4096 (order: 5, 131072 bytes)
[    1.770934] NET: Registered protocol family 1
[    1.770947] pci 0000:00:02.0: Video device with shadowed ROM at [mem 0x000c0000-0x000dffff]
[    1.801701] PCI: CLS 64 bytes, default 64
[    1.801749] Trying to unpack rootfs image as initramfs...
[    1.885323] Freeing initrd memory: 4996K (ffff88003762e000 - ffff880037b0f000)
[    1.885328] PCI-DMA: Using software bounce buffering for IO (SWIOTLB)
[    1.885330] software IO TLB [mem 0x3362e000-0x3762e000] (64MB) mapped at [ffff88003362e000-ffff88003762dfff]
[    1.885375] RAPL PMU: API unit is 2^-32 Joules, 3 fixed counters, 163840 ms ovfl timer
[    1.885377] RAPL PMU: hw unit of domain pp0-core 2^-16 Joules
[    1.885378] RAPL PMU: hw unit of domain package 2^-16 Joules
[    1.885379] RAPL PMU: hw unit of domain pp1-gpu 2^-16 Joules
[    1.885475] Scanning for low memory corruption every 60 seconds
[    1.885843] futex hash table entries: 2048 (order: 5, 131072 bytes)
[    1.885871] audit: initializing netlink subsys (disabled)
[    1.885884] audit: type=2000 audit(1472920701.848:1): initialized
[    1.886279] Initialise system trusted keyrings
[    1.886369] workingset: timestamp_bits=38 max_order=21 bucket_order=0
[    1.887912] zbud: loaded
[    1.888417] fuse init (API version 7.25)
[    1.888550] Key type big_key registered
[    1.888988] Key type asymmetric registered
[    1.888990] Asymmetric key parser 'x509' registered
[    1.889022] Block layer SCSI generic (bsg) driver version 0.4 loaded (major 250)
[    1.889056] io scheduler noop registered
[    1.889058] io scheduler deadline registered (default)
[    1.889088] io scheduler cfq registered
[    1.889512] pci_hotplug: PCI Hot Plug PCI Core version: 0.5
[    1.889517] pciehp: PCI Express Hot Plug Controller Driver version: 0.4
